Archive member included to satisfy reference by file (symbol)

ym/microbit/source/microbit.a(MicroBit.cpp.o)
                              source/CMakeFiles/read.dir/home/shunsuke/read/source/main.cpp.o (MicroBit::MicroBit())
ym/microbit-dal/source/microbit-dal.a(MicroBitDevice.cpp.o)
                              ym/microbit/source/microbit.a(MicroBit.cpp.o) (microbit_serial_number())
ym/microbit-dal/source/microbit-dal.a(MicroBitFiber.cpp.o)
                              ym/microbit/source/microbit.a(MicroBit.cpp.o) (scheduler_init(EventModel&))
ym/microbit-dal/source/microbit-dal.a(MicroBitFont.cpp.o)
                              ym/microbit-dal/source/microbit-dal.a(MicroBitDevice.cpp.o) (MicroBitFont::defaultFont)
ym/microbit-dal/source/microbit-dal.a(MicroBitHeapAllocator.cpp.o)
                              ym/microbit/source/microbit.a(MicroBit.cpp.o) (microbit_create_heap(unsigned long, unsigned long))
ym/microbit-dal/source/microbit-dal.a(MicroBitListener.cpp.o)
                              source/CMakeFiles/read.dir/home/shunsuke/read/source/main.cpp.o (MicroBitListener::MicroBitListener(unsigned short, unsigned short, void (*)(MicroBitEvent), unsigned short))
ym/microbit-dal/source/microbit-dal.a(MicroBitSystemTimer.cpp.o)
                              ym/microbit-dal/source/microbit-dal.a(MicroBitFiber.cpp.o) (system_timer_current_time())
ym/microbit-dal/source/microbit-dal.a(ManagedString.cpp.o)
                              source/CMakeFiles/read.dir/home/shunsuke/read/source/main.cpp.o (ManagedString::~ManagedString())
ym/microbit-dal/source/microbit-dal.a(MicroBitEvent.cpp.o)
                              ym/microbit/source/microbit.a(MicroBit.cpp.o) (MicroBitEvent::MicroBitEvent())
ym/microbit-dal/source/microbit-dal.a(MicroBitImage.cpp.o)
                              ym/microbit/source/microbit.a(MicroBit.cpp.o) (MicroBitImage::setPixelValue(short, short, unsigned char))
ym/microbit-dal/source/microbit-dal.a(PacketBuffer.cpp.o)
                              ym/microbit-dal/source/microbit-dal.a(ManagedString.cpp.o) (PacketBuffer::getBytes())
ym/microbit-dal/source/microbit-dal.a(RefCounted.cpp.o)
                              ym/microbit-dal/source/microbit-dal.a(ManagedString.cpp.o) (RefCounted::init())
ym/microbit-dal/source/microbit-dal.a(MicroBitAccelerometer.cpp.o)
                              ym/microbit/source/microbit.a(MicroBit.cpp.o) (MicroBitAccelerometer::autoDetect(MicroBitI2C&))
ym/microbit-dal/source/microbit-dal.a(MicroBitButton.cpp.o)
                              source/CMakeFiles/read.dir/home/shunsuke/read/source/main.cpp.o (MicroBitButton::~MicroBitButton())
ym/microbit-dal/source/microbit-dal.a(MicroBitCompass.cpp.o)
                              ym/microbit/source/microbit.a(MicroBit.cpp.o) (MicroBitCompass::autoDetect(MicroBitI2C&))
ym/microbit-dal/source/microbit-dal.a(MicroBitCompassCalibrator.cpp.o)
                              ym/microbit/source/microbit.a(MicroBit.cpp.o) (MicroBitCompassCalibrator::MicroBitCompassCalibrator(MicroBitCompass&, MicroBitAccelerometer&, MicroBitDisplay&, MicroBitStorage&))
ym/microbit-dal/source/microbit-dal.a(MicroBitDisplay.cpp.o)
                              source/CMakeFiles/read.dir/home/shunsuke/read/source/main.cpp.o (MicroBitDisplay::~MicroBitDisplay())
ym/microbit-dal/source/microbit-dal.a(MicroBitI2C.cpp.o)
                              ym/microbit/source/microbit.a(MicroBit.cpp.o) (MicroBitI2C::MicroBitI2C(PinName, PinName))
ym/microbit-dal/source/microbit-dal.a(MicroBitIO.cpp.o)
                              ym/microbit/source/microbit.a(MicroBit.cpp.o) (MicroBitIO::MicroBitIO(int, int, int, int, int, int, int, int, int, int, int, int, int, int, int, int, int, int, int))
ym/microbit-dal/source/microbit-dal.a(MicroBitLightSensor.cpp.o)
                              ym/microbit-dal/source/microbit-dal.a(MicroBitDisplay.cpp.o) (MicroBitLightSensor::read())
ym/microbit-dal/source/microbit-dal.a(MicroBitMessageBus.cpp.o)
                              source/CMakeFiles/read.dir/home/shunsuke/read/source/main.cpp.o (MicroBitMessageBus::add(MicroBitListener*))
ym/microbit-dal/source/microbit-dal.a(MicroBitMultiButton.cpp.o)
                              ym/microbit/source/microbit.a(MicroBit.cpp.o) (MicroBitMultiButton::setEventConfiguration(MicroBitButtonEventConfiguration))
ym/microbit-dal/source/microbit-dal.a(MicroBitPin.cpp.o)
                              ym/microbit-dal/source/microbit-dal.a(MicroBitAccelerometer.cpp.o) (MicroBitPin::MicroBitPin(int, PinName, PinCapability))
ym/microbit-dal/source/microbit-dal.a(MicroBitRadio.cpp.o)
                              ym/microbit/source/microbit.a(MicroBit.cpp.o) (MicroBitRadio::MicroBitRadio(unsigned short))
ym/microbit-dal/source/microbit-dal.a(MicroBitRadioDatagram.cpp.o)
                              ym/microbit-dal/source/microbit-dal.a(MicroBitRadio.cpp.o) (MicroBitRadioDatagram::MicroBitRadioDatagram(MicroBitRadio&))
[...]
Memory Configuration

Name             Origin             Length             Attributes
FLASH            0x0000000000018000 0x0000000000028000 xr
RAM              0x0000000020002000 0x0000000000002000 xrw
*default*        0x0000000000000000 0xffffffffffffffff

Linker script and memory map

LOAD /usr/bin/../lib/gcc/arm-none-eabi/7.3.1/thumb/v6-m/crti.o
LOAD /usr/bin/../lib/gcc/arm-none-eabi/7.3.1/thumb/v6-m/crtbegin.o
LOAD /usr/bin/../lib/gcc/arm-none-eabi/7.3.1/../../../../arm-none-eabi/lib/thumb/v6-m/crt0.o
START GROUP
LOAD source/CMakeFiles/read.dir/home/shunsuke/read/source/main.cpp.o
LOAD ym/microbit/source/microbit.a
LOAD ym/microbit-dal/source/microbit-dal.a
LOAD ym/ble/source/ble.a
LOAD ym/ble-nrf51822/source/ble-nrf51822.a
LOAD ym/ble/source/ble.a
LOAD ym/ble-nrf51822/source/ble-nrf51822.a
LOAD ym/nrf51-sdk/source/nrf51-sdk.a
LOAD ym/mbed-classic/existing/mbed-classic.a
LOAD /usr/bin/../lib/gcc/arm-none-eabi/7.3.1/../../../../arm-none-eabi/lib/thumb/v6-m/libnosys.a
LOAD /usr/bin/../lib/gcc/arm-none-eabi/7.3.1/../../../../arm-none-eabi/lib/thumb/v6-m/libstdc++_nano.a
LOAD /usr/bin/../lib/gcc/arm-none-eabi/7.3.1/../../../../arm-none-eabi/lib/thumb/v6-m/libsupc++_nano.a
LOAD /usr/bin/../lib/gcc/arm-none-eabi/7.3.1/thumb/v6-m/libgcc.a
LOAD /usr/bin/../lib/gcc/arm-none-eabi/7.3.1/../../../../arm-none-eabi/lib/thumb/v6-m/libstdc++_nano.a
LOAD /usr/bin/../lib/gcc/arm-none-eabi/7.3.1/../../../../arm-none-eabi/lib/thumb/v6-m/libsupc++_nano.a
LOAD /usr/bin/../lib/gcc/arm-none-eabi/7.3.1/../../../../arm-none-eabi/lib/thumb/v6-m/libm.a
LOAD /usr/bin/../lib/gcc/arm-none-eabi/7.3.1/../../../../arm-none-eabi/lib/thumb/v6-m/libc_nano.a
LOAD /usr/bin/../lib/gcc/arm-none-eabi/7.3.1/thumb/v6-m/libgcc.a
END GROUP
LOAD /usr/bin/../lib/gcc/arm-none-eabi/7.3.1/../../../../arm-none-eabi/lib/thumb/v6-m/libstdc++_nano.a
LOAD /usr/bin/../lib/gcc/arm-none-eabi/7.3.1/../../../../arm-none-eabi/lib/thumb/v6-m/libm.a
LOAD /usr/bin/../lib/gcc/arm-none-eabi/7.3.1/../../../../arm-none-eabi/lib/thumb/v6-m/libc_nano.a
START GROUP
LOAD /usr/bin/../lib/gcc/arm-none-eabi/7.3.1/thumb/v6-m/libgcc.a
LOAD /usr/bin/../lib/gcc/arm-none-eabi/7.3.1/../../../../arm-none-eabi/lib/thumb/v6-m/libc_nano.a
END GROUP
START GROUP
LOAD /usr/bin/../lib/gcc/arm-none-eabi/7.3.1/thumb/v6-m/libgcc.a
LOAD /usr/bin/../lib/gcc/arm-none-eabi/7.3.1/../../../../arm-none-eabi/lib/thumb/v6-m/libc_nano.a
END GROUP
LOAD /usr/bin/../lib/gcc/arm-none-eabi/7.3.1/thumb/v6-m/crtend.o
LOAD /usr/bin/../lib/gcc/arm-none-eabi/7.3.1/thumb/v6-m/crtn.o

.text           0x0000000000018000     0xfbbc
 *(SORT_BY_ALIGNMENT(.Vectors))
 .Vectors       0x0000000000018000       0xc0 ym/mbed-classic/existing/mbed-classic.a(startup_NRF51822.S.obj)
                0x0000000000018000                __Vectors
 *(SORT_BY_ALIGNMENT(.text*))
 .text          0x00000000000180c0       0x48 /usr/bin/../lib/gcc/arm-none-eabi/7.3.1/thumb/v6-m/crtbegin.o
 .text          0x0000000000018108       0x78 /usr/bin/../lib/gcc/arm-none-eabi/7.3.1/../../../../arm-none-eabi/lib/thumb/v6-m/crt0.o
                0x0000000000018108                _mainCRTStartup
                0x0000000000018108                _start
 .text.__tcf_0  0x0000000000018180       0x1c source/CMakeFiles/read.dir/home/shunsuke/read/source/main.cpp.o
 .text.__tcf_1  0x000000000001819c       0x1c source/CMakeFiles/read.dir/home/shunsuke/read/source/main.cpp.o
 .text.__tcf_2  0x00000000000181b8       0x1c source/CMakeFiles/read.dir/home/shunsuke/read/source/main.cpp.o
 .text._ZN14MicroBitSerialD2Ev
                0x00000000000181d4       0x18 source/CMakeFiles/read.dir/home/shunsuke/read/source/main.cpp.o
                0x00000000000181d4                MicroBitSerial::~MicroBitSerial()
                0x00000000000181d4                MicroBitSerial::~MicroBitSerial()
 .text._ZN11MicroBitPinC2ERKS_
                0x00000000000181ec       0x24 source/CMakeFiles/read.dir/home/shunsuke/read/source/main.cpp.o
                0x00000000000181ec                MicroBitPin::MicroBitPin(MicroBitPin const&)
                0x00000000000181ec                MicroBitPin::MicroBitPin(MicroBitPin const&)
 .text._Z4readv
                0x0000000000018210      0x1f8 source/CMakeFiles/read.dir/home/shunsuke/read/source/main.cpp.o
                0x0000000000018210                read()
 .text._Z8OnButton13MicroBitEvent
                0x0000000000018408       0xfc source/CMakeFiles/read.dir/home/shunsuke/read/source/main.cpp.o
                0x0000000000018408                OnButton(MicroBitEvent)
 .text.startup._GLOBAL__sub_I_board
                0x0000000000018504       0x48 source/CMakeFiles/read.dir/home/shunsuke/read/source/main.cpp.o
 .text._ZN8MicroBitD2Ev
                0x000000000001854c       0x58 source/CMakeFiles/read.dir/home/shunsuke/read/source/main.cpp.o
                0x000000000001854c                MicroBit::~MicroBit()
                0x000000000001854c                MicroBit::~MicroBit()
 .text.startup.main
                0x00000000000185a4       0x50 source/CMakeFiles/read.dir/home/shunsuke/read/source/main.cpp.o
                0x00000000000185a4                main
 .text._ZN8MicroBitC2Ev
                0x00000000000185f4      0x170 ym/microbit/source/microbit.a(MicroBit.cpp.o)
                0x00000000000185f4                MicroBit::MicroBit()
                0x00000000000185f4                MicroBit::MicroBit()
 .text._ZN8MicroBit4initEv
                0x0000000000018764      0x1fc ym/microbit/source/microbit.a(MicroBit.cpp.o)
                0x0000000000018764                MicroBit::init()
 .text.NVIC_SystemReset
                0x0000000000018960       0x18 ym/microbit-dal/source/microbit-dal.a(MicroBitDevice.cpp.o)
 .text._Z22microbit_friendly_namev
                0x0000000000018978       0x68 ym/microbit-dal/source/microbit-dal.a(MicroBitDevice.cpp.o)
                0x0000000000018978                microbit_friendly_name()
 .text._Z14microbit_panici
                0x00000000000189e0      0x170 ym/microbit-dal/source/microbit-dal.a(MicroBitDevice.cpp.o)
                0x00000000000189e0                microbit_panic(int)
 .text._Z20microbit_seed_randomv
                0x0000000000018b50       0x60 ym/microbit-dal/source/microbit-dal.a(MicroBitDevice.cpp.o)
                0x0000000000018b50                microbit_seed_random()
 .text._ZN10EventModel6listenEiiPFv13MicroBitEventEt
                0x0000000000018bb0       0x5c ym/microbit-dal/source/microbit-dal.a(MicroBitFiber.cpp.o)
                0x0000000000018bb0                EventModel::listen(int, int, void (*)(MicroBitEvent), unsigned short)
 .text._Z14scheduler_tickv
                0x0000000000018c0c       0x38 ym/microbit-dal/source/microbit-dal.a(MicroBitFiber.cpp.o)
                0x0000000000018c0c                scheduler_tick()
 .text._Z15scheduler_event13MicroBitEvent
                0x0000000000018c44       0xcc ym/microbit-dal/source/microbit-dal.a(MicroBitFiber.cpp.o)
                0x0000000000018c44                scheduler_event(MicroBitEvent)
 .text._Z15getFiberContextv
                0x0000000000018d10       0x3c ym/microbit-dal/source/microbit-dal.a(MicroBitFiber.cpp.o)
                0x0000000000018d10                getFiberContext()
 .text._Z23fiber_scheduler_runningv
                0x0000000000018d4c       0x10 ym/microbit-dal/source/microbit-dal.a(MicroBitFiber.cpp.o)
                0x0000000000018d4c                fiber_scheduler_running()
 .text._Z14scheduler_initR10EventModel
                0x0000000000018d5c       0xa8 ym/microbit-dal/source/microbit-dal.a(MicroBitFiber.cpp.o)
                0x0000000000018d5c                scheduler_init(EventModel&)
 .text._Z14__create_fibermmmi
                0x0000000000018e04       0x50 ym/microbit-dal/source/microbit-dal.a(MicroBitFiber.cpp.o)
                0x0000000000018e04                __create_fiber(unsigned long, unsigned long, unsigned long, int)
 .text._Z24scheduler_runqueue_emptyv
                0x0000000000018e54       0x10 ym/microbit-dal/source/microbit-dal.a(MicroBitFiber.cpp.o)
                0x0000000000018e54                scheduler_runqueue_empty()
 .text._Z24fiber_add_idle_componentP17MicroBitComponent
                0x0000000000018e64       0x1c ym/microbit-dal/source/microbit-dal.a(MicroBitFiber.cpp.o)
                0x0000000000018e64                fiber_add_idle_component(MicroBitComponent*)
 .text._Z27fiber_remove_idle_componentP17MicroBitComponent
                0x0000000000018e80       0x1c ym/microbit-dal/source/microbit-dal.a(MicroBitFiber.cpp.o)
                0x0000000000018e80                fiber_remove_idle_component(MicroBitComponent*)
 .text._Z4idlev
                0x0000000000018e9c       0x30 ym/microbit-dal/source/microbit-dal.a(MicroBitFiber.cpp.o)
                0x0000000000018e9c                idle()
 .text._Z8schedulev
                0x0000000000018ecc       0xcc ym/microbit-dal/source/microbit-dal.a(MicroBitFiber.cpp.o)
                0x0000000000018ecc                schedule()
 .text._Z11fiber_sleepm
                0x0000000000018f98       0x54 ym/microbit-dal/source/microbit-dal.a(MicroBitFiber.cpp.o)
                0x0000000000018f98                fiber_sleep(unsigned long)
 .text._Z19fiber_wake_on_eventtt
                0x0000000000018fec       0x9c ym/microbit-dal/source/microbit-dal.a(MicroBitFiber.cpp.o)
                0x0000000000018fec                fiber_wake_on_event(unsigned short, unsigned short)
 .text._Z13release_fiberv
                0x0000000000019088       0x28 ym/microbit-dal/source/microbit-dal.a(MicroBitFiber.cpp.o)
                0x0000000000019088                release_fiber()
 .text._Z6invokePFvPvES_
                0x00000000000190b0       0x80 ym/microbit-dal/source/microbit-dal.a(MicroBitFiber.cpp.o)
                0x00000000000190b0                invoke(void (*)(void*), void*)
 .text._ZN12MicroBitFont13getSystemFontEv
                0x0000000000019130       0x10 ym/microbit-dal/source/microbit-dal.a(MicroBitFont.cpp.o)
                0x0000000000019130                MicroBitFont::getSystemFont()
 .text.startup._GLOBAL__sub_I__ZN12MicroBitFont11defaultFontE
                0x0000000000019140       0x18 ym/microbit-dal/source/microbit-dal.a(MicroBitFont.cpp.o)
 .text._Z20microbit_create_heapmm
                0x0000000000019158       0x58 ym/microbit-dal/source/microbit-dal.a(MicroBitHeapAllocator.cpp.o)
                0x0000000000019158                microbit_create_heap(unsigned long, unsigned long)
 .text.malloc   0x00000000000191b0       0x68 ym/microbit-dal/source/microbit-dal.a(MicroBitHeapAllocator.cpp.o)
                0x00000000000191b0                malloc
 .text.free     0x0000000000019218       0x50 ym/microbit-dal/source/microbit-dal.a(MicroBitHeapAllocator.cpp.o)
                0x0000000000019218                free
 .text._Z23system_timer_set_periodi
                0x0000000000019268       0x44 ym/microbit-dal/source/microbit-dal.a(MicroBitSystemTimer.cpp.o)
                0x0000000000019268                system_timer_set_period(int)
 .text._Z17system_timer_initi
                0x00000000000192ac       0x54 ym/microbit-dal/source/microbit-dal.a(MicroBitSystemTimer.cpp.o)
                0x00000000000192ac                system_timer_init(int)
 .text._Z23system_timer_get_periodv
                0x0000000000019300        0xc ym/microbit-dal/source/microbit-dal.a(MicroBitSystemTimer.cpp.o)
                0x0000000000019300                system_timer_get_period()
 .text._Z11update_timev
                0x000000000001930c       0x44 ym/microbit-dal/source/microbit-dal.a(MicroBitSystemTimer.cpp.o)
                0x000000000001930c                update_time()
 .text._Z17system_timer_tickv
                0x0000000000019350       0x24 ym/microbit-dal/source/microbit-dal.a(MicroBitSystemTimer.cpp.o)
                0x0000000000019350                system_timer_tick()
 .text._Z25system_timer_current_timev
                0x0000000000019374       0x1c ym/microbit-dal/source/microbit-dal.a(MicroBitSystemTimer.cpp.o)
                0x0000000000019374                system_timer_current_time()
 .text._Z28system_timer_current_time_usv
                0x0000000000019390       0x14 ym/microbit-dal/source/microbit-dal.a(MicroBitSystemTimer.cpp.o)
                0x0000000000019390                system_timer_current_time_us()
 .text._Z26system_timer_add_componentP17MicroBitComponent
                0x00000000000193a4       0x3c ym/microbit-dal/source/microbit-dal.a(MicroBitSystemTimer.cpp.o)
                0x00000000000193a4                system_timer_add_component(MicroBitComponent*)
 .text._Z29system_timer_remove_componentP17MicroBitComponent
                0x00000000000193e0       0x1c ym/microbit-dal/source/microbit-dal.a(MicroBitSystemTimer.cpp.o)
                0x00000000000193e0                system_timer_remove_component(MicroBitComponent*)
 .text._ZN13ManagedStringC2EPKc
                0x00000000000193fc       0x20 ym/microbit-dal/source/microbit-dal.a(ManagedString.cpp.o)
                0x00000000000193fc                ManagedString::ManagedString(char const*)
                0x00000000000193fc                ManagedString::ManagedString(char const*)
 .text._ZN13ManagedStringC2EPKcs
                0x000000000001941c       0x54 ym/microbit-dal/source/microbit-dal.a(ManagedString.cpp.o)
                0x000000000001941c                ManagedString::ManagedString(char const*, short)
                0x000000000001941c                ManagedString::ManagedString(char const*, short)
 .text._ZN13ManagedStringC2Ev
                0x0000000000019470        0xc ym/microbit-dal/source/microbit-dal.a(ManagedString.cpp.o)
                0x0000000000019470                ManagedString::ManagedString()
                0x0000000000019470                ManagedString::ManagedString()
 .text.startup._GLOBAL__sub_I__ZN13ManagedString9initEmptyEv
                0x000000000001947c       0x28 ym/microbit-dal/source/microbit-dal.a(ManagedString.cpp.o)
 .text._ZN13MicroBitEvent4fireEv
                0x00000000000194a4       0x28 ym/microbit-dal/source/microbit-dal.a(MicroBitEvent.cpp.o)
                0x00000000000194a4                MicroBitEvent::fire()
 .text._ZN13MicroBitImageC2Ev
                0x00000000000194cc        0xc ym/microbit-dal/source/microbit-dal.a(MicroBitImage.cpp.o)
                0x00000000000194cc                MicroBitImage::MicroBitImage()
                0x00000000000194cc                MicroBitImage::MicroBitImage()
 .text._ZN13MicroBitImageC2EP9ImageData
                0x00000000000194d8       0x20 ym/microbit-dal/source/microbit-dal.a(MicroBitImage.cpp.o)
                0x00000000000194d8                MicroBitImage::MicroBitImage(ImageData*)
                0x00000000000194d8                MicroBitImage::MicroBitImage(ImageData*)
 .text._ZN13MicroBitImage13setPixelValueEssh
                0x00000000000194f8       0x2c ym/microbit-dal/source/microbit-dal.a(MicroBitImage.cpp.o)
                0x00000000000194f8                MicroBitImage::setPixelValue(short, short, unsigned char)
 .text._ZN13MicroBitImage10printImageEssPKh
                0x0000000000019524       0x60 ym/microbit-dal/source/microbit-dal.a(MicroBitImage.cpp.o)
                0x0000000000019524                MicroBitImage::printImage(short, short, unsigned char const*)
 .text._ZN13MicroBitImage4initEssPKh
                0x0000000000019584       0x50 ym/microbit-dal/source/microbit-dal.a(MicroBitImage.cpp.o)
                0x0000000000019584                MicroBitImage::init(short, short, unsigned char const*)
 .text._ZN13MicroBitImageC2EPKc
                0x00000000000195d4       0xa0 ym/microbit-dal/source/microbit-dal.a(MicroBitImage.cpp.o)
                0x00000000000195d4                MicroBitImage::MicroBitImage(char const*)
                0x00000000000195d4                MicroBitImage::MicroBitImage(char const*)
 .text._ZN13MicroBitImage5printEcss
                0x0000000000019674       0x90 ym/microbit-dal/source/microbit-dal.a(MicroBitImage.cpp.o)
                0x0000000000019674                MicroBitImage::print(char, short, short)
 .text._ZN13MicroBitImage9shiftLeftEs
                0x0000000000019704       0x54 ym/microbit-dal/source/microbit-dal.a(MicroBitImage.cpp.o)
                0x0000000000019704                MicroBitImage::shiftLeft(short)
 .text.startup._GLOBAL__sub_I__ZN13MicroBitImage10EmptyImageE
                0x0000000000019758       0x28 ym/microbit-dal/source/microbit-dal.a(MicroBitImage.cpp.o)
 .text.startup._GLOBAL__sub_I__ZN12PacketBuffer11EmptyPacketE
                0x0000000000019780       0x24 ym/microbit-dal/source/microbit-dal.a(PacketBuffer.cpp.o)
 .text._ZL16isReadOnlyInlineP10RefCounted
                0x00000000000197a4       0x24 ym/microbit-dal/source/microbit-dal.a(RefCounted.cpp.o)
 .text._ZN21MicroBitAccelerometer9configureEv
                0x00000000000197c8        0x8 ym/microbit-dal/source/microbit-dal.a(MicroBitAccelerometer.cpp.o)
                0x00000000000197c8                MicroBitAccelerometer::configure()
 .text._ZN21MicroBitAccelerometer13requestUpdateEv
                0x00000000000197d0       0x10 ym/microbit-dal/source/microbit-dal.a(MicroBitAccelerometer.cpp.o)
                0x00000000000197d0                MicroBitAccelerometer::requestUpdate()
 .text._ZN21MicroBitAccelerometerC2ER15CoordinateSpacet
                0x00000000000197e0       0x50 ym/microbit-dal/source/microbit-dal.a(MicroBitAccelerometer.cpp.o)
                0x00000000000197e0                MicroBitAccelerometer::MicroBitAccelerometer(CoordinateSpace&, unsigned short)
                0x00000000000197e0                MicroBitAccelerometer::MicroBitAccelerometer(CoordinateSpace&, unsigned short)
 .text._ZN21MicroBitAccelerometer10autoDetectER11MicroBitI2C
                0x0000000000019830      0x160 ym/microbit-dal/source/microbit-dal.a(MicroBitAccelerometer.cpp.o)
                0x0000000000019830                MicroBitAccelerometer::autoDetect(MicroBitI2C&)
 .text._ZN21MicroBitAccelerometer20instantaneousPostureEv
                0x0000000000019990      0x194 ym/microbit-dal/source/microbit-dal.a(MicroBitAccelerometer.cpp.o)
                0x0000000000019990                MicroBitAccelerometer::instantaneousPosture()
 .text._ZN14MicroBitButton10systemTickEv
                0x0000000000019b24       0xdc ym/microbit-dal/source/microbit-dal.a(MicroBitButton.cpp.o)
                0x0000000000019b24                MicroBitButton::systemTick()
 .text._ZN14MicroBitButtonD2Ev
                0x0000000000019c00       0x18 ym/microbit-dal/source/microbit-dal.a(MicroBitButton.cpp.o)
                0x0000000000019c00                MicroBitButton::~MicroBitButton()
                0x0000000000019c00                MicroBitButton::~MicroBitButton()
 .text._ZN14MicroBitButtonC2E7PinNamet32MicroBitButtonEventConfiguration7PinMode
                0x0000000000019c18       0x58 ym/microbit-dal/source/microbit-dal.a(MicroBitButton.cpp.o)
                0x0000000000019c18                MicroBitButton::MicroBitButton(PinName, unsigned short, MicroBitButtonEventConfiguration, PinMode)
                0x0000000000019c18                MicroBitButton::MicroBitButton(PinName, unsigned short, MicroBitButtonEventConfiguration, PinMode)
 .text._ZN15MicroBitCompass9configureEv
                0x0000000000019c70        0x8 ym/microbit-dal/source/microbit-dal.a(MicroBitCompass.cpp.o)
                0x0000000000019c70                MicroBitCompass::configure()
 .text._ZN15MicroBitCompass13requestUpdateEv
                0x0000000000019c78       0x10 ym/microbit-dal/source/microbit-dal.a(MicroBitCompass.cpp.o)
                0x0000000000019c78                MicroBitCompass::requestUpdate()
 .text._ZN15MicroBitCompassC2ER15CoordinateSpacet
                0x0000000000019c88       0x44 ym/microbit-dal/source/microbit-dal.a(MicroBitCompass.cpp.o)
                0x0000000000019c88                MicroBitCompass::MicroBitCompass(CoordinateSpace&, unsigned short)
                0x0000000000019c88                MicroBitCompass::MicroBitCompass(CoordinateSpace&, unsigned short)
 .text._ZN15MicroBitCompass10autoDetectER11MicroBitI2C
                0x0000000000019ccc      0x15c ym/microbit-dal/source/microbit-dal.a(MicroBitCompass.cpp.o)
                0x0000000000019ccc                MicroBitCompass::autoDetect(MicroBitI2C&)
 .text._ZN25MicroBitCompassCalibrator11calibrateUXE13MicroBitEvent
                0x0000000000019e28      0x29c ym/microbit-dal/source/microbit-dal.a(MicroBitCompassCalibrator.cpp.o)
                0x0000000000019e28                MicroBitCompassCalibrator::calibrateUX(MicroBitEvent)
 .text._ZN10EventModel6listenI25MicroBitCompassCalibratorEEittPT_MS2_Fv13MicroBitEventEt
                0x000000000001a0c4       0xa8 ym/microbit-dal/source/microbit-dal.a(MicroBitCompassCalibrator.cpp.o)
                0x000000000001a0c4                int EventModel::listen<MicroBitCompassCalibrator>(unsigned short, unsigned short, MicroBitCompassCalibrator*, void (MicroBitCompassCalibrator::*)(MicroBitEvent), unsigned short)
 .text._ZN25MicroBitCompassCalibratorC2ER15MicroBitCompassR21MicroBitAccelerometerR15MicroBitDisplayR15MicroBitStorage
                0x000000000001a16c       0x80 ym/microbit-dal/source/microbit-dal.a(MicroBitCompassCalibrator.cpp.o)
                0x000000000001a16c                MicroBitCompassCalibrator::MicroBitCompassCalibrator(MicroBitCompass&, MicroBitAccelerometer&, MicroBitDisplay&, MicroBitStorage&)
                0x000000000001a16c                MicroBitCompassCalibrator::MicroBitCompassCalibrator(MicroBitCompass&, MicroBitAccelerometer&, MicroBitDisplay&, MicroBitStorage&)
 .text._ZN15MicroBitDisplay15renderGreyscaleEv
                0x000000000001a1ec       0xfc ym/microbit-dal/source/microbit-dal.a(MicroBitDisplay.cpp.o)
                0x000000000001a1ec                MicroBitDisplay::renderGreyscale()
 .text._ZN4mbed6TickerD2Ev
                0x000000000001a2e8       0x1c ym/microbit-dal/source/microbit-dal.a(MicroBitDisplay.cpp.o)
                0x000000000001a2e8                mbed::Ticker::~Ticker()
                0x000000000001a2e8                mbed::Ticker::~Ticker()
 .text._ZN15MicroBitDisplayD2Ev
                0x000000000001a304       0x48 ym/microbit-dal/source/microbit-dal.a(MicroBitDisplay.cpp.o)
                0x000000000001a304                MicroBitDisplay::~MicroBitDisplay()
                0x000000000001a304                MicroBitDisplay::~MicroBitDisplay()
 .text._ZN15MicroBitDisplayC2EtRK9MatrixMap
                0x000000000001a34c       0xd8 ym/microbit-dal/source/microbit-dal.a(MicroBitDisplay.cpp.o)
                0x000000000001a34c                MicroBitDisplay::MicroBitDisplay(unsigned short, MatrixMap const&)
                0x000000000001a34c                MicroBitDisplay::MicroBitDisplay(unsigned short, MatrixMap const&)
 .text._ZN15MicroBitDisplay6renderEv
                0x000000000001a424       0xf4 ym/microbit-dal/source/microbit-dal.a(MicroBitDisplay.cpp.o)
                0x000000000001a424                MicroBitDisplay::render()
 .text._ZN15MicroBitDisplay26sendAnimationCompleteEventEv
                0x000000000001a518       0x24 ym/microbit-dal/source/microbit-dal.a(MicroBitDisplay.cpp.o)
                0x000000000001a518                MicroBitDisplay::sendAnimationCompleteEvent()
 .text._ZN15MicroBitDisplay13stopAnimationEv
                0x000000000001a53c       0x38 ym/microbit-dal/source/microbit-dal.a(MicroBitDisplay.cpp.o)
                0x000000000001a53c                MicroBitDisplay::stopAnimation()
 .text._ZN15MicroBitDisplay18waitForFreeDisplayEv
                0x000000000001a574       0x20 ym/microbit-dal/source/microbit-dal.a(MicroBitDisplay.cpp.o)
                0x000000000001a574                MicroBitDisplay::waitForFreeDisplay()
 .text._ZN15MicroBitDisplay9fiberWaitEv
                0x000000000001a594       0x2c ym/microbit-dal/source/microbit-dal.a(MicroBitDisplay.cpp.o)
                0x000000000001a594                MicroBitDisplay::fiberWait()
 .text._ZN15MicroBitDisplay10printAsyncE13MicroBitImageiiii
                0x000000000001a5c0       0x54 ym/microbit-dal/source/microbit-dal.a(MicroBitDisplay.cpp.o)
                0x000000000001a5c0                MicroBitDisplay::printAsync(MicroBitImage, int, int, int, int)
 .text._ZN15MicroBitDisplay5printE13MicroBitImageiiii
                0x000000000001a614       0x64 ym/microbit-dal/source/microbit-dal.a(MicroBitDisplay.cpp.o)
                0x000000000001a614                MicroBitDisplay::print(MicroBitImage, int, int, int, int)
 .text._ZN15MicroBitDisplay11scrollAsyncE13ManagedStringi
                0x000000000001a678       0x54 ym/microbit-dal/source/microbit-dal.a(MicroBitDisplay.cpp.o)
                0x000000000001a678                MicroBitDisplay::scrollAsync(ManagedString, int)
 .text._ZN15MicroBitDisplay12animateAsyncE13MicroBitImageiiii
                0x000000000001a6cc       0x74 ym/microbit-dal/source/microbit-dal.a(MicroBitDisplay.cpp.o)
                0x000000000001a6cc                MicroBitDisplay::animateAsync(MicroBitImage, int, int, int, int)
 .text._ZN15MicroBitDisplay7animateE13MicroBitImageiiii
                0x000000000001a740       0x5c ym/microbit-dal/source/microbit-dal.a(MicroBitDisplay.cpp.o)
                0x000000000001a740                MicroBitDisplay::animate(MicroBitImage, int, int, int, int)
 .text._ZN15MicroBitDisplay13setBrightnessEi
                0x000000000001a79c       0x14 ym/microbit-dal/source/microbit-dal.a(MicroBitDisplay.cpp.o)
                0x000000000001a79c                MicroBitDisplay::setBrightness(int)
 .text._ZN11MicroBitI2C4readEiPcib
                0x000000000001a7b0       0x20 ym/microbit-dal/source/microbit-dal.a(MicroBitI2C.cpp.o)
                0x000000000001a7b0                MicroBitI2C::read(int, char*, int, bool)
 .text._ZN11MicroBitI2C5writeEiPKcib
                0x000000000001a7d0       0x20 ym/microbit-dal/source/microbit-dal.a(MicroBitI2C.cpp.o)
                0x000000000001a7d0                MicroBitI2C::write(int, char const*, int, bool)
 .text._ZN11MicroBitI2C12readRegisterEhhPhi
                0x000000000001a7f0       0x4c ym/microbit-dal/source/microbit-dal.a(MicroBitI2C.cpp.o)
                0x000000000001a7f0                MicroBitI2C::readRegister(unsigned char, unsigned char, unsigned char*, int)
 .text._ZN18MicroBitMessageBus6removeEP16MicroBitListener
                0x000000000001a83c       0x94 ym/microbit-dal/source/microbit-dal.a(MicroBitMessageBus.cpp.o)
                0x000000000001a83c                MicroBitMessageBus::remove(MicroBitListener*)
 .text._ZN18MicroBitMessageBus3addEP16MicroBitListener
                0x000000000001a8d0       0xd8 ym/microbit-dal/source/microbit-dal.a(MicroBitMessageBus.cpp.o)
                0x000000000001a8d0                MicroBitMessageBus::add(MicroBitListener*)
 .text._ZN18MicroBitMessageBusD2Ev
                0x000000000001a9a8       0x20 ym/microbit-dal/source/microbit-dal.a(MicroBitMessageBus.cpp.o)
                0x000000000001a9a8                MicroBitMessageBus::~MicroBitMessageBus()
                0x000000000001a9a8                MicroBitMessageBus::~MicroBitMessageBus()
 .text._ZThn8_N18MicroBitMessageBusD1Ev
                0x000000000001a9c8       0x10 ym/microbit-dal/source/microbit-dal.a(MicroBitMessageBus.cpp.o)
                0x000000000001a9c8                non-virtual thunk to MicroBitMessageBus::~MicroBitMessageBus()
 .text._ZThn8_N18MicroBitMessageBusD0Ev
                0x000000000001a9d8       0x10 ym/microbit-dal/source/microbit-dal.a(MicroBitMessageBus.cpp.o)
                0x000000000001a9d8                non-virtual thunk to MicroBitMessageBus::~MicroBitMessageBus()
 .text._ZN18MicroBitMessageBusC2Ev
                0x000000000001a9e8       0x3c ym/microbit-dal/source/microbit-dal.a(MicroBitMessageBus.cpp.o)
                0x000000000001a9e8                MicroBitMessageBus::MicroBitMessageBus()
                0x000000000001a9e8                MicroBitMessageBus::MicroBitMessageBus()
 .text._ZN18MicroBitMessageBus7processER13MicroBitEventb
                0x000000000001aa24       0x84 ym/microbit-dal/source/microbit-dal.a(MicroBitMessageBus.cpp.o)
                0x000000000001aa24                MicroBitMessageBus::process(MicroBitEvent&, bool)
 .text._ZThn8_N18MicroBitMessageBus8idleTickEv
                0x000000000001aaa8       0x10 ym/microbit-dal/source/microbit-dal.a(MicroBitMessageBus.cpp.o)
                0x000000000001aaa8                non-virtual thunk to MicroBitMessageBus::idleTick()
 .text._ZN10EventModel6listenI19MicroBitMultiButtonEEittPT_MS2_Fv13MicroBitEventEt
                0x000000000001aab8       0xa8 ym/microbit-dal/source/microbit-dal.a(MicroBitMultiButton.cpp.o)
                0x000000000001aab8                int EventModel::listen<MicroBitMultiButton>(unsigned short, unsigned short, MicroBitMultiButton*, void (MicroBitMultiButton::*)(MicroBitEvent), unsigned short)
 .text._ZN19MicroBitMultiButtonC2Ettt
                0x000000000001ab60       0x70 ym/microbit-dal/source/microbit-dal.a(MicroBitMultiButton.cpp.o)
                0x000000000001ab60                MicroBitMultiButton::MicroBitMultiButton(unsigned short, unsigned short, unsigned short)
                0x000000000001ab60                MicroBitMultiButton::MicroBitMultiButton(unsigned short, unsigned short, unsigned short)
 .text._ZN11MicroBitPinC2Ei7PinName13PinCapability
                0x000000000001abd0       0x1c ym/microbit-dal/source/microbit-dal.a(MicroBitPin.cpp.o)
                0x000000000001abd0                MicroBitPin::MicroBitPin(int, PinName, PinCapability)
                0x000000000001abd0                MicroBitPin::MicroBitPin(int, PinName, PinCapability)
 .text._ZN11MicroBitPin10disconnectEv
                0x000000000001abec       0x7c ym/microbit-dal/source/microbit-dal.a(MicroBitPin.cpp.o)
                0x000000000001abec                MicroBitPin::disconnect()
 .text._ZN11MicroBitPin15setDigitalValueEi
                0x000000000001ac68       0x6c ym/microbit-dal/source/microbit-dal.a(MicroBitPin.cpp.o)
                0x000000000001ac68                MicroBitPin::setDigitalValue(int)
 .text._ZN11MicroBitPin15getDigitalValueEv
                0x000000000001acd4       0x6c ym/microbit-dal/source/microbit-dal.a(MicroBitPin.cpp.o)
                0x000000000001acd4                MicroBitPin::getDigitalValue()
 .text._ZN11MicroBitPin14getAnalogValueEv
                0x000000000001ad40       0x40 ym/microbit-dal/source/microbit-dal.a(MicroBitPin.cpp.o)
                0x000000000001ad40                MicroBitPin::getAnalogValue()
 .text._ZN11MicroBitPin7setPullE7PinMode
                0x000000000001ad80       0x2c ym/microbit-dal/source/microbit-dal.a(MicroBitPin.cpp.o)
                0x000000000001ad80                MicroBitPin::setPull(PinMode)
 .text._ZN13MicroBitRadioC2Et
                0x000000000001adac       0x40 ym/microbit-dal/source/microbit-dal.a(MicroBitRadio.cpp.o)
                0x000000000001adac                MicroBitRadio::MicroBitRadio(unsigned short)
                0x000000000001adac                MicroBitRadio::MicroBitRadio(unsigned short)
 .text._ZN13MicroBitRadio7setRSSIEi
                0x000000000001adec       0x14 ym/microbit-dal/source/microbit-dal.a(MicroBitRadio.cpp.o)
                0x000000000001adec                MicroBitRadio::setRSSI(int)
 .text._ZN13MicroBitRadio7getRSSIEv
                0x000000000001ae00       0x14 ym/microbit-dal/source/microbit-dal.a(MicroBitRadio.cpp.o)
                0x000000000001ae00                MicroBitRadio::getRSSI()
 .text._ZN13MicroBitRadio10queueRxBufEv
                0x000000000001ae14       0x60 ym/microbit-dal/source/microbit-dal.a(MicroBitRadio.cpp.o)
                0x000000000001ae14                MicroBitRadio::queueRxBuf()
 .text.RADIO_IRQHandler
                0x000000000001ae74       0x64 ym/microbit-dal/source/microbit-dal.a(MicroBitRadio.cpp.o)
                0x000000000001ae74                RADIO_IRQHandler
 .text._ZN13MicroBitRadio4recvEv
                0x000000000001aed8       0x28 ym/microbit-dal/source/microbit-dal.a(MicroBitRadio.cpp.o)
                0x000000000001aed8                MicroBitRadio::recv()
 .text._ZN14MicroBitSerial6lockTxEv
                0x000000000001af00       0x10 ym/microbit-dal/source/microbit-dal.a(MicroBitSerial.cpp.o)
                0x000000000001af00                MicroBitSerial::lockTx()
 .text._ZN14MicroBitSerial8unlockTxEv
                0x000000000001af10       0x10 ym/microbit-dal/source/microbit-dal.a(MicroBitSerial.cpp.o)
                0x000000000001af10                MicroBitSerial::unlockTx()
 .text._ZN14MicroBitSerial4baudEi
                0x000000000001af20       0x14 ym/microbit-dal/source/microbit-dal.a(MicroBitSerial.cpp.o)
                0x000000000001af20                MicroBitSerial::baud(int)
 .text._ZN14MicroBitSerialC2E7PinNameS0_hh
                0x000000000001af34       0x50 ym/microbit-dal/source/microbit-dal.a(MicroBitSerial.cpp.o)
                0x000000000001af34                MicroBitSerial::MicroBitSerial(PinName, PinName, unsigned char, unsigned char)
                0x000000000001af34                MicroBitSerial::MicroBitSerial(PinName, PinName, unsigned char, unsigned char)
 .text._ZN14MicroBitSerial11dataWrittenEv
                0x000000000001af84       0x60 ym/microbit-dal/source/microbit-dal.a(MicroBitSerial.cpp.o)
                0x000000000001af84                MicroBitSerial::dataWritten()
 .text._ZN14MicroBitSerial12initialiseTxEv
                0x000000000001afe4       0x50 ym/microbit-dal/source/microbit-dal.a(MicroBitSerial.cpp.o)
                0x000000000001afe4                MicroBitSerial::initialiseTx()
 .text._ZN4mbed10SerialBase6attachI14MicroBitSerialEEvPT_MS3_FvvENS0_7IrqTypeE
                0x000000000001b034       0x3c ym/microbit-dal/source/microbit-dal.a(MicroBitSerial.cpp.o)
                0x000000000001b034                void mbed::SerialBase::attach<MicroBitSerial>(MicroBitSerial*, void (MicroBitSerial::*)(), mbed::SerialBase::IrqType)
 .text._ZN14MicroBitSerial14setTxInterruptEPhi18MicroBitSerialMode
                0x000000000001b070       0x74 ym/microbit-dal/source/microbit-dal.a(MicroBitSerial.cpp.o)
                0x000000000001b070                MicroBitSerial::setTxInterrupt(unsigned char*, int, MicroBitSerialMode)
 .text._ZN14MicroBitSerial4sendEPhi18MicroBitSerialMode
                0x000000000001b0e4       0x70 ym/microbit-dal/source/microbit-dal.a(MicroBitSerial.cpp.o)
                0x000000000001b0e4                MicroBitSerial::send(unsigned char*, int, MicroBitSerialMode)
 .text._ZN15MicroBitStorage4sizeEv
                0x000000000001b154       0x60 ym/microbit-dal/source/microbit-dal.a(MicroBitStorage.cpp.o)
                0x000000000001b154                MicroBitStorage::size()
 .text._ZN15MicroBitStorage3putEPKcPhi
                0x000000000001b1b4      0x1a8 ym/microbit-dal/source/microbit-dal.a(MicroBitStorage.cpp.o)
                0x000000000001b1b4                MicroBitStorage::put(char const*, unsigned char*, int)
 .text._ZN15MicroBitStorage6removeEPKc
                0x000000000001b35c       0xd8 ym/microbit-dal/source/microbit-dal.a(MicroBitStorage.cpp.o)
                0x000000000001b35c                MicroBitStorage::remove(char const*)
 .text._ZN19MicroBitThermometerC2ER15MicroBitStoraget
                0x000000000001b434       0x48 ym/microbit-dal/source/microbit-dal.a(MicroBitThermometer.cpp.o)
                0x000000000001b434                MicroBitThermometer::MicroBitThermometer(MicroBitStorage&, unsigned short)
                0x000000000001b434                MicroBitThermometer::MicroBitThermometer(MicroBitStorage&, unsigned short)
 .text._ZN19MicroBitThermometer12updateSampleEv
                0x000000000001b47c       0x8c ym/microbit-dal/source/microbit-dal.a(MicroBitThermometer.cpp.o)
                0x000000000001b47c                MicroBitThermometer::updateSample()
 .text._ZL18nvmc_event_handlerm
                0x000000000001b508       0x10 ym/microbit-dal/source/microbit-dal.a(MicroBitFlash.cpp.o)
 .text._ZN13MicroBitFlashC2Ev
                0x000000000001b518       0x24 ym/microbit-dal/source/microbit-dal.a(MicroBitFlash.cpp.o)
                0x000000000001b518                MicroBitFlash::MicroBitFlash()
                0x000000000001b518                MicroBitFlash::MicroBitFlash()
 .text._ZN13MicroBitFlash10erase_pageEPm
                0x000000000001b53c       0x6c ym/microbit-dal/source/microbit-dal.a(MicroBitFlash.cpp.o)
                0x000000000001b53c                MicroBitFlash::erase_page(unsigned long*)
 .text._ZN13MicroBitFlash10flash_burnEPmS0_i
                0x000000000001b5a8       0x7c ym/microbit-dal/source/microbit-dal.a(MicroBitFlash.cpp.o)
                0x000000000001b5a8                MicroBitFlash::flash_burn(unsigned long*, unsigned long*, int)
 .text._ZThn68_N8FXOS87008idleTickEv
                0x000000000001b624       0x10 ym/microbit-dal/source/microbit-dal.a(FXOS8700.cpp.o)
                0x000000000001b624                non-virtual thunk to FXOS8700::idleTick()
 .text._ZN8FXOS87009configureEv
                0x000000000001b634       0xe4 ym/microbit-dal/source/microbit-dal.a(FXOS8700.cpp.o)
                0x000000000001b634                FXOS8700::configure()
 .text._ZThn68_N8FXOS87009configureEv
                0x000000000001b718       0x10 ym/microbit-dal/source/microbit-dal.a(FXOS8700.cpp.o)
                0x000000000001b718                non-virtual thunk to FXOS8700::configure()
 .text._ZN8FXOS8700D2Ev
                0x000000000001b728       0x24 ym/microbit-dal/source/microbit-dal.a(FXOS8700.cpp.o)
                0x000000000001b728                FXOS8700::~FXOS8700()
                0x000000000001b728                FXOS8700::~FXOS8700()
 .text._ZThn68_N8FXOS8700D1Ev
                0x000000000001b74c       0x10 ym/microbit-dal/source/microbit-dal.a(FXOS8700.cpp.o)
                0x000000000001b74c                non-virtual thunk to FXOS8700::~FXOS8700()
 .text._ZThn68_N8FXOS8700D0Ev
                0x000000000001b75c       0x10 ym/microbit-dal/source/microbit-dal.a(FXOS8700.cpp.o)
                0x000000000001b75c                non-virtual thunk to FXOS8700::~FXOS8700()
 .text._ZN8FXOS870013requestUpdateEv
                0x000000000001b76c       0xfc ym/microbit-dal/source/microbit-dal.a(FXOS8700.cpp.o)
                0x000000000001b76c                FXOS8700::requestUpdate()
 .text._ZThn68_N8FXOS870013requestUpdateEv
                0x000000000001b868       0x10 ym/microbit-dal/source/microbit-dal.a(FXOS8700.cpp.o)
                0x000000000001b868                non-virtual thunk to FXOS8700::requestUpdate()
 .text._ZN8FXOS8700C2ER11MicroBitI2C11MicroBitPinR15CoordinateSpacettt
                0x000000000001b878       0x80 ym/microbit-dal/source/microbit-dal.a(FXOS8700.cpp.o)
                0x000000000001b878                FXOS8700::FXOS8700(MicroBitI2C&, MicroBitPin, CoordinateSpace&, unsigned short, unsigned short, unsigned short)
                0x000000000001b878                FXOS8700::FXOS8700(MicroBitI2C&, MicroBitPin, CoordinateSpace&, unsigned short, unsigned short, unsigned short)
 .text._ZN7MMA86539configureEv
                0x000000000001b8f8       0xb4 ym/microbit-dal/source/microbit-dal.a(MMA8653.cpp.o)
                0x000000000001b8f8                MMA8653::configure()
 .text._ZN7MMA8653D2Ev
                0x000000000001b9ac       0x18 ym/microbit-dal/source/microbit-dal.a(MMA8653.cpp.o)
                0x000000000001b9ac                MMA8653::~MMA8653()
                0x000000000001b9ac                MMA8653::~MMA8653()
 .text._ZN7MMA865313requestUpdateEv
                0x000000000001b9c4       0x78 ym/microbit-dal/source/microbit-dal.a(MMA8653.cpp.o)
                0x000000000001b9c4                MMA8653::requestUpdate()
 .text._ZN7MMA8653C2ER11MicroBitI2C11MicroBitPinR15CoordinateSpacett
                0x000000000001ba3c       0x5c ym/microbit-dal/source/microbit-dal.a(MMA8653.cpp.o)
                0x000000000001ba3c                MMA8653::MMA8653(MicroBitI2C&, MicroBitPin, CoordinateSpace&, unsigned short, unsigned short)
                0x000000000001ba3c                MMA8653::MMA8653(MicroBitI2C&, MicroBitPin, CoordinateSpace&, unsigned short, unsigned short)
 .text._ZN7MAG3110D2Ev
                0x000000000001ba98       0x18 ym/microbit-dal/source/microbit-dal.a(MAG3110.cpp.o)
                0x000000000001ba98                MAG3110::~MAG3110()
                0x000000000001ba98                MAG3110::~MAG3110()
 .text._ZN7MAG31109configureEv
                0x000000000001bab0       0xa4 ym/microbit-dal/source/microbit-dal.a(MAG3110.cpp.o)
                0x000000000001bab0                MAG3110::configure()
 .text._ZN7MAG311013requestUpdateEv
                0x000000000001bb54       0x90 ym/microbit-dal/source/microbit-dal.a(MAG3110.cpp.o)
                0x000000000001bb54                MAG3110::requestUpdate()
 .text._ZN7MAG3110C2ER11MicroBitI2C11MicroBitPinR15CoordinateSpacett
                0x000000000001bbe4       0x54 ym/microbit-dal/source/microbit-dal.a(MAG3110.cpp.o)
                0x000000000001bbe4                MAG3110::MAG3110(MicroBitI2C&, MicroBitPin, CoordinateSpace&, unsigned short, unsigned short)
                0x000000000001bbe4                MAG3110::MAG3110(MicroBitI2C&, MicroBitPin, CoordinateSpace&, unsigned short, unsigned short)
 .text._ZN19LSM303Accelerometer9configureEv
                0x000000000001bc38       0x94 ym/microbit-dal/source/microbit-dal.a(LSM303Accelerometer.cpp.o)
                0x000000000001bc38                LSM303Accelerometer::configure()
 .text._ZN19LSM303AccelerometerD2Ev
                0x000000000001bccc       0x18 ym/microbit-dal/source/microbit-dal.a(LSM303Accelerometer.cpp.o)
                0x000000000001bccc                LSM303Accelerometer::~LSM303Accelerometer()
                0x000000000001bccc                LSM303Accelerometer::~LSM303Accelerometer()
 .text._ZN19LSM303Accelerometer13requestUpdateEv
                0x000000000001bce4       0x94 ym/microbit-dal/source/microbit-dal.a(LSM303Accelerometer.cpp.o)
                0x000000000001bce4                LSM303Accelerometer::requestUpdate()
 .text._ZN19LSM303AccelerometerC2ER11MicroBitI2C11MicroBitPinR15CoordinateSpacett
                0x000000000001bd78       0x5c ym/microbit-dal/source/microbit-dal.a(LSM303Accelerometer.cpp.o)
                0x000000000001bd78                LSM303Accelerometer::LSM303Accelerometer(MicroBitI2C&, MicroBitPin, CoordinateSpace&, unsigned short, unsigned short)
                0x000000000001bd78                LSM303Accelerometer::LSM303Accelerometer(MicroBitI2C&, MicroBitPin, CoordinateSpace&, unsigned short, unsigned short)
 .text._ZN18LSM303Magnetometer9configureEv
                0x000000000001bdd4       0x60 ym/microbit-dal/source/microbit-dal.a(LSM303Magnetometer.cpp.o)
                0x000000000001bdd4                LSM303Magnetometer::configure()
 .text._ZN18LSM303MagnetometerD2Ev
                0x000000000001be34       0x18 ym/microbit-dal/source/microbit-dal.a(LSM303Magnetometer.cpp.o)
                0x000000000001be34                LSM303Magnetometer::~LSM303Magnetometer()
                0x000000000001be34                LSM303Magnetometer::~LSM303Magnetometer()
 .text._ZN18LSM303Magnetometer13requestUpdateEv
                0x000000000001be4c       0x70 ym/microbit-dal/source/microbit-dal.a(LSM303Magnetometer.cpp.o)
                0x000000000001be4c                LSM303Magnetometer::requestUpdate()
 .text._ZN18LSM303MagnetometerC2ER11MicroBitI2C11MicroBitPinR15CoordinateSpacett
                0x000000000001bebc       0x54 ym/microbit-dal/source/microbit-dal.a(LSM303Magnetometer.cpp.o)
                0x000000000001bebc                LSM303Magnetometer::LSM303Magnetometer(MicroBitI2C&, MicroBitPin, CoordinateSpace&, unsigned short, unsigned short)
                0x000000000001bebc                LSM303Magnetometer::LSM303Magnetometer(MicroBitI2C&, MicroBitPin, CoordinateSpace&, unsigned short, unsigned short)
 .text._ZN18MicroBitBLEManagerD2Ev
                0x000000000001bf10       0x20 ym/microbit-dal/source/microbit-dal.a(MicroBitBLEManager.cpp.o)
                0x000000000001bf10                MicroBitBLEManager::~MicroBitBLEManager()
                0x000000000001bf10                MicroBitBLEManager::~MicroBitBLEManager()
 .text._ZL25bleSysAttrMissingCallbackPK32GattSysAttrMissingCallbackParams
                0x000000000001bf30       0xc8 ym/microbit-dal/source/microbit-dal.a(MicroBitBLEManager.cpp.o)
 .text._ZN18MicroBitBLEManager8idleTickEv
                0x000000000001bff8      0x114 ym/microbit-dal/source/microbit-dal.a(MicroBitBLEManager.cpp.o)
                0x000000000001bff8                MicroBitBLEManager::idleTick()
 .text._ZN18GapAdvertisingData8addFieldENS_10DataType_tEPKhhPh
                0x000000000001c10c       0xa8 ym/microbit-dal/source/microbit-dal.a(MicroBitBLEManager.cpp.o)
                0x000000000001c10c                GapAdvertisingData::addField(GapAdvertisingData::DataType_t, unsigned char const*, unsigned char, unsigned char*)
 .text._ZN18GattCharacteristicC2ERK4UUIDPhtthPP13GattAttributejb
                0x000000000001c1b4       0x8c ym/microbit-dal/source/microbit-dal.a(MicroBitBLEManager.cpp.o)
                0x000000000001c1b4                GattCharacteristic::GattCharacteristic(UUID const&, unsigned char*, unsigned short, unsigned short, unsigned char, GattAttribute**, unsigned int, bool)
                0x000000000001c1b4                GattCharacteristic::GattCharacteristic(UUID const&, unsigned char*, unsigned short, unsigned short, unsigned char, GattAttribute**, unsigned int, bool)
 .text._ZN3BLE22setAdvertisingIntervalEt
                0x000000000001c240       0x3c ym/microbit-dal/source/microbit-dal.a(MicroBitBLEManager.cpp.o)
                0x000000000001c240                BLE::setAdvertisingInterval(unsigned short)
 .text._ZN24DeviceInformationServiceC2ER3BLEPKcS3_S3_S3_S3_S3_
                0x000000000001c27c      0x1dc ym/microbit-dal/source/microbit-dal.a(MicroBitBLEManager.cpp.o)
                0x000000000001c27c                DeviceInformationService::DeviceInformationService(BLE&, char const*, char const*, char const*, char const*, char const*, char const*)
                0x000000000001c27c                DeviceInformationService::DeviceInformationService(BLE&, char const*, char const*, char const*, char const*, char const*, char const*)
 .text._ZN18MicroBitBLEManagerC2ER15MicroBitStorage
                0x000000000001c458       0x3c ym/microbit-dal/source/microbit-dal.a(MicroBitBLEManager.cpp.o)
                0x000000000001c458                MicroBitBLEManager::MicroBitBLEManager(MicroBitStorage&)
                0x000000000001c458                MicroBitBLEManager::MicroBitBLEManager(MicroBitStorage&)
 .text._ZL24bleDisconnectionCallbackPKN3Gap29DisconnectionCallbackParams_tE
                0x000000000001c494       0x3c ym/microbit-dal/source/microbit-dal.a(MicroBitBLEManager.cpp.o)
 .text._ZN18MicroBitBLEManager16setTransmitPowerEi
                0x000000000001c4d0       0x34 ym/microbit-dal/source/microbit-dal.a(MicroBitBLEManager.cpp.o)
                0x000000000001c4d0                MicroBitBLEManager::setTransmitPower(int)
 .text._ZN18MicroBitBLEManager4initE13ManagedStringS0_R10EventModelb
                0x000000000001c504      0x2d8 ym/microbit-dal/source/microbit-dal.a(MicroBitBLEManager.cpp.o)
                0x000000000001c504                MicroBitBLEManager::init(ManagedString, ManagedString, EventModel&, bool)
 .text._ZL22passkeyDisplayCallbacktPKh
                0x000000000001c7dc       0x34 ym/microbit-dal/source/microbit-dal.a(MicroBitBLEManager.cpp.o)
 .text._ZL30securitySetupCompletedCallbacktN15SecurityManager26SecurityCompletionStatus_tE
                0x000000000001c810       0x40 ym/microbit-dal/source/microbit-dal.a(MicroBitBLEManager.cpp.o)
 .text._ZN18MicroBitBLEManager27showManagementModeAnimationER15MicroBitDisplay
                0x000000000001c850       0xa8 ym/microbit-dal/source/microbit-dal.a(MicroBitBLEManager.cpp.o)
                0x000000000001c850                MicroBitBLEManager::showManagementModeAnimation(MicroBitDisplay&)
 .text._ZN18MicroBitBLEManager11pairingModeER15MicroBitDisplayR14MicroBitButton
                0x000000000001c8f8      0x298 ym/microbit-dal/source/microbit-dal.a(MicroBitBLEManager.cpp.o)
                0x000000000001c8f8                MicroBitBLEManager::pairingMode(MicroBitDisplay&, MicroBitButton&)
 .text._ZN18MicroBitDFUServiceC2ER3BLE
                0x000000000001cb90      0x180 ym/microbit-dal/source/microbit-dal.a(MicroBitDFUService.cpp.o)
                0x000000000001cb90                MicroBitDFUService::MicroBitDFUService(BLE&)
                0x000000000001cb90                MicroBitDFUService::MicroBitDFUService(BLE&)
 .text._ZN20MicroBitEventServiceC2ER3BLER10EventModel
                0x000000000001cd10      0x1f8 ym/microbit-dal/source/microbit-dal.a(MicroBitEventService.cpp.o)
                0x000000000001cd10                MicroBitEventService::MicroBitEventService(BLE&, EventModel&)
                0x000000000001cd10                MicroBitEventService::MicroBitEventService(BLE&, EventModel&)
 .text._ZN16MicroBitListenerC2I20MicroBitEventServiceEEttPT_MS2_Fv13MicroBitEventEt
                0x000000000001cf08       0x68 ym/microbit-dal/source/microbit-dal.a(MicroBitEventService.cpp.o)
                0x000000000001cf08                MicroBitListener::MicroBitListener<MicroBitEventService>(unsigned short, unsigned short, MicroBitEventService*, void (MicroBitEventService::*)(MicroBitEvent), unsigned short)
                0x000000000001cf08                MicroBitListener::MicroBitListener<MicroBitEventService>(unsigned short, unsigned short, MicroBitEventService*, void (MicroBitEventService::*)(MicroBitEvent), unsigned short)
 .text._ZN20MicroBitEventService13onDataWrittenEPK23GattWriteCallbackParams
                0x000000000001cf70       0xa0 ym/microbit-dal/source/microbit-dal.a(MicroBitEventService.cpp.o)
                0x000000000001cf70                MicroBitEventService::onDataWritten(GattWriteCallbackParams const*)
 .text._ZN20MicroBitEventService8idleTickEv
                0x000000000001d010       0x50 ym/microbit-dal/source/microbit-dal.a(MicroBitEventService.cpp.o)
                0x000000000001d010                MicroBitEventService::idleTick()
 .text          0x000000000001d060      0x124 ym/microbit-dal/source/microbit-dal.a(CortexContextSwitch.s.obj)
                0x000000000001d060                swap_context
                0x000000000001d0e2                save_context
                0x000000000001d126                save_register_context
                0x000000000001d156                restore_register_context
 .text._Z14string_reversePc
                0x000000000001d184       0x2c ym/microbit-dal/source/microbit-dal.a(MicroBitCompat.cpp.o)
                0x000000000001d184                string_reverse(char*)
 .text._Z4itoaiPc
                0x000000000001d1b0       0x68 ym/microbit-dal/source/microbit-dal.a(MicroBitCompat.cpp.o)
                0x000000000001d1b0                itoa(int, char*)
 .text._ZNK13KeyValueTable4findEm
                0x000000000001d218       0x28 ym/microbit-dal/source/microbit-dal.a(MicroBitUtil.cpp.o)
                0x000000000001d218                KeyValueTable::find(unsigned long) const
 .text._ZN3BLE8InstanceEj
                0x000000000001d240       0x5c ym/ble/source/ble.a(BLE.cpp.o)
                0x000000000001d240                BLE::Instance(unsigned int)
 .text._ZN3BLEC2Ej
                0x000000000001d29c       0x2c ym/ble/source/ble.a(BLE.cpp.o)
                0x000000000001d29c                BLE::BLE(unsigned int)
                0x000000000001d29c                BLE::BLE(unsigned int)
 .text._ZNK3BLE3gapEv
                0x000000000001d2c8       0x20 ym/ble/source/ble.a(BLE.cpp.o)
                0x000000000001d2c8                BLE::gap() const
 .text._ZNK3BLE10gattServerEv
                0x000000000001d2e8       0x20 ym/ble/source/ble.a(BLE.cpp.o)
                0x000000000001d2e8                BLE::gattServer() const
 .text._ZNK3BLE15securityManagerEv
                0x000000000001d308       0x20 ym/ble/source/ble.a(BLE.cpp.o)
                0x000000000001d308                BLE::securityManager() const
 .text._ZNK3Gap25getMaxAdvertisingIntervalEv
                0x000000000001d328        0x8 ym/ble-nrf51822/source/ble-nrf51822.a(nRF5xn.cpp.o)
                0x000000000001d328                Gap::getMaxAdvertisingInterval() const
 .text._ZN10GattClient16discoverServicesEt26FunctionPointerWithContextIPK17DiscoveredServiceERK4UUID
                0x000000000001d330       0x60 ym/ble-nrf51822/source/ble-nrf51822.a(nRF5xn.cpp.o)
                0x000000000001d330                GattClient::discoverServices(unsigned short, FunctionPointerWithContext<DiscoveredService const*>, UUID const&)
 .text._ZNK6nRF5xn18getSecurityManagerEv
                0x000000000001d390       0x34 ym/ble-nrf51822/source/ble-nrf51822.a(nRF5xn.cpp.o)
                0x000000000001d390                nRF5xn::getSecurityManager() const
 .text._ZN6nRF5xn13getGattClientEv
                0x000000000001d3c4       0x48 ym/ble-nrf51822/source/ble-nrf51822.a(nRF5xn.cpp.o)
                0x000000000001d3c4                nRF5xn::getGattClient()
 .text._ZN6nRF5xn10getVersionEv
                0x000000000001d40c       0x74 ym/ble-nrf51822/source/ble-nrf51822.a(nRF5xn.cpp.o)
                0x000000000001d40c                nRF5xn::getVersion()
 .text._ZN38CallChainOfFunctionPointersWithContextIPK23GattWriteCallbackParamsED2Ev
                0x000000000001d480       0x14 ym/ble-nrf51822/source/ble-nrf51822.a(nRF5xn.cpp.o)
                0x000000000001d480                CallChainOfFunctionPointersWithContext<GattWriteCallbackParams const*>::~CallChainOfFunctionPointersWithContext()
                0x000000000001d480                CallChainOfFunctionPointersWithContext<GattWriteCallbackParams const*>::~CallChainOfFunctionPointersWithContext()
 .text._ZN38CallChainOfFunctionPointersWithContextIPK22GattReadCallbackParamsED2Ev
                0x000000000001d494       0x14 ym/ble-nrf51822/source/ble-nrf51822.a(nRF5xn.cpp.o)
                0x000000000001d494                CallChainOfFunctionPointersWithContext<GattReadCallbackParams const*>::~CallChainOfFunctionPointersWithContext()
                0x000000000001d494                CallChainOfFunctionPointersWithContext<GattReadCallbackParams const*>::~CallChainOfFunctionPointersWithContext()
 .text._ZN38CallChainOfFunctionPointersWithContextIjED2Ev
                0x000000000001d4a8       0x20 ym/ble-nrf51822/source/ble-nrf51822.a(nRF5xn.cpp.o)
                0x000000000001d4a8                CallChainOfFunctionPointersWithContext<unsigned int>::~CallChainOfFunctionPointersWithContext()
                0x000000000001d4a8                CallChainOfFunctionPointersWithContext<unsigned int>::~CallChainOfFunctionPointersWithContext()
 .text._ZN38CallChainOfFunctionPointersWithContextIPK32GattSysAttrMissingCallbackParamsED2Ev
                0x000000000001d4c8       0x20 ym/ble-nrf51822/source/ble-nrf51822.a(nRF5xn.cpp.o)
                0x000000000001d4c8                CallChainOfFunctionPointersWithContext<GattSysAttrMissingCallbackParams const*>::~CallChainOfFunctionPointersWithContext()
                0x000000000001d4c8                CallChainOfFunctionPointersWithContext<GattSysAttrMissingCallbackParams const*>::~CallChainOfFunctionPointersWithContext()
 .text._ZN38CallChainOfFunctionPointersWithContextIPK10GattServerED2Ev
                0x000000000001d4e8       0x20 ym/ble-nrf51822/source/ble-nrf51822.a(nRF5xn.cpp.o)
                0x000000000001d4e8                CallChainOfFunctionPointersWithContext<GattServer const*>::~CallChainOfFunctionPointersWithContext()
                0x000000000001d4e8                CallChainOfFunctionPointersWithContext<GattServer const*>::~CallChainOfFunctionPointersWithContext()
 .text._ZN38CallChainOfFunctionPointersWithContextIPK21GattHVXCallbackParamsED2Ev
                0x000000000001d508       0x20 ym/ble-nrf51822/source/ble-nrf51822.a(nRF5xn.cpp.o)
                0x000000000001d508                CallChainOfFunctionPointersWithContext<GattHVXCallbackParams const*>::~CallChainOfFunctionPointersWithContext()
                0x000000000001d508                CallChainOfFunctionPointersWithContext<GattHVXCallbackParams const*>::~CallChainOfFunctionPointersWithContext()
 .text._ZN38CallChainOfFunctionPointersWithContextIPK10GattClientED2Ev
                0x000000000001d528       0x20 ym/ble-nrf51822/source/ble-nrf51822.a(nRF5xn.cpp.o)
                0x000000000001d528                CallChainOfFunctionPointersWithContext<GattClient const*>::~CallChainOfFunctionPointersWithContext()
                0x000000000001d528                CallChainOfFunctionPointersWithContext<GattClient const*>::~CallChainOfFunctionPointersWithContext()
 .text._ZN38CallChainOfFunctionPointersWithContextIN3Gap15TimeoutSource_tEED2Ev
                0x000000000001d548       0x20 ym/ble-nrf51822/source/ble-nrf51822.a(nRF5xn.cpp.o)
                0x000000000001d548                CallChainOfFunctionPointersWithContext<Gap::TimeoutSource_t>::~CallChainOfFunctionPointersWithContext()
                0x000000000001d548                CallChainOfFunctionPointersWithContext<Gap::TimeoutSource_t>::~CallChainOfFunctionPointersWithContext()
 .text._ZN38CallChainOfFunctionPointersWithContextIPKN3Gap26ConnectionCallbackParams_tEED2Ev
                0x000000000001d568       0x20 ym/ble-nrf51822/source/ble-nrf51822.a(nRF5xn.cpp.o)
                0x000000000001d568                CallChainOfFunctionPointersWithContext<Gap::ConnectionCallbackParams_t const*>::~CallChainOfFunctionPointersWithContext()
                0x000000000001d568                CallChainOfFunctionPointersWithContext<Gap::ConnectionCallbackParams_t const*>::~CallChainOfFunctionPointersWithContext()
 .text._ZN38CallChainOfFunctionPointersWithContextIPKN3Gap29DisconnectionCallbackParams_tEED2Ev
                0x000000000001d588       0x20 ym/ble-nrf51822/source/ble-nrf51822.a(nRF5xn.cpp.o)
                0x000000000001d588                CallChainOfFunctionPointersWithContext<Gap::DisconnectionCallbackParams_t const*>::~CallChainOfFunctionPointersWithContext()
                0x000000000001d588                CallChainOfFunctionPointersWithContext<Gap::DisconnectionCallbackParams_t const*>::~CallChainOfFunctionPointersWithContext()
 .text._ZN38CallChainOfFunctionPointersWithContextIPK3GapED2Ev
                0x000000000001d5a8       0x20 ym/ble-nrf51822/source/ble-nrf51822.a(nRF5xn.cpp.o)
                0x000000000001d5a8                CallChainOfFunctionPointersWithContext<Gap const*>::~CallChainOfFunctionPointersWithContext()
                0x000000000001d5a8                CallChainOfFunctionPointersWithContext<Gap const*>::~CallChainOfFunctionPointersWithContext()
 .text._ZN38CallChainOfFunctionPointersWithContextIPK15SecurityManagerED2Ev
                0x000000000001d5c8       0x20 ym/ble-nrf51822/source/ble-nrf51822.a(nRF5xn.cpp.o)
                0x000000000001d5c8                CallChainOfFunctionPointersWithContext<SecurityManager const*>::~CallChainOfFunctionPointersWithContext()
                0x000000000001d5c8                CallChainOfFunctionPointersWithContext<SecurityManager const*>::~CallChainOfFunctionPointersWithContext()
 .text._ZN6nRF5xn18getSecurityManagerEv
                0x000000000001d5e8       0x34 ym/ble-nrf51822/source/ble-nrf51822.a(nRF5xn.cpp.o)
                0x000000000001d5e8                nRF5xn::getSecurityManager()
 .text._ZN6nRF5xnD2Ev
                0x000000000001d61c       0x54 ym/ble-nrf51822/source/ble-nrf51822.a(nRF5xn.cpp.o)
                0x000000000001d61c                nRF5xn::~nRF5xn()
                0x000000000001d61c                nRF5xn::~nRF5xn()
 .text._ZN3Gap5resetEv
                0x000000000001d670       0xd0 ym/ble-nrf51822/source/ble-nrf51822.a(nRF5xn.cpp.o)
                0x000000000001d670                Gap::reset()
 .text._ZN6nRF5xnC2Ev
                0x000000000001d740      0x13c ym/ble-nrf51822/source/ble-nrf51822.a(nRF5xn.cpp.o)
                0x000000000001d740                nRF5xn::nRF5xn()
                0x000000000001d740                nRF5xn::nRF5xn()
 .text._ZN6nRF5xn8InstanceEj
                0x000000000001d87c       0x24 ym/ble-nrf51822/source/ble-nrf51822.a(nRF5xn.cpp.o)
                0x000000000001d87c                nRF5xn::Instance(unsigned int)
 .text._ZN26FunctionPointerWithContextItEC2EPFvtE
                0x000000000001d8a0       0x20 ym/ble-nrf51822/source/ble-nrf51822.a(nRF5xn.cpp.o)
                0x000000000001d8a0                FunctionPointerWithContext<unsigned short>::FunctionPointerWithContext(void (*)(unsigned short))
                0x000000000001d8a0                FunctionPointerWithContext<unsigned short>::FunctionPointerWithContext(void (*)(unsigned short))
 .text._ZN15nRF5xGattServerC2Ev
                0x000000000001d8c0       0xc0 ym/ble-nrf51822/source/ble-nrf51822.a(nRF5xn.cpp.o)
                0x000000000001d8c0                nRF5xGattServer::nRF5xGattServer()
                0x000000000001d8c0                nRF5xGattServer::nRF5xGattServer()
 .text._ZL16sys_evt_dispatchm
                0x000000000001d980       0x1c ym/ble-nrf51822/source/ble-nrf51822.a(btle.cpp.o)
 .text._ZL12btle_handlerP9ble_evt_t
                0x000000000001d99c      0x178 ym/ble-nrf51822/source/ble-nrf51822.a(btle.cpp.o)
 .text.btle_set_gatt_table_size
                0x000000000001db14       0x14 ym/ble-nrf51822/source/ble-nrf51822.a(btle.cpp.o)
                0x000000000001db14                btle_set_gatt_table_size
 .text.btle_set_user_evt_handler
                0x000000000001db28        0xc ym/ble-nrf51822/source/ble-nrf51822.a(btle.cpp.o)
                0x000000000001db28                btle_set_user_evt_handler
 .text.btle_init
                0x000000000001db34       0xa4 ym/ble-nrf51822/source/ble-nrf51822.a(btle.cpp.o)
                0x000000000001db34                btle_init
 .text.app_error_handler
                0x000000000001dbd8       0x20 ym/ble-nrf51822/source/ble-nrf51822.a(btle.cpp.o)
                0x000000000001dbd8                app_error_handler
 .text._ZN15nRF5xGattServer4readEtPhPt
                0x000000000001dbf8       0x18 ym/ble-nrf51822/source/ble-nrf51822.a(nRF5xGattServer.cpp.o)
                0x000000000001dbf8                nRF5xGattServer::read(unsigned short, unsigned char*, unsigned short*)
 .text._ZN15nRF5xGattServer5writeEtPKhtb
                0x000000000001dc10       0x1c ym/ble-nrf51822/source/ble-nrf51822.a(nRF5xGattServer.cpp.o)
                0x000000000001dc10                nRF5xGattServer::write(unsigned short, unsigned char const*, unsigned short, bool)
 .text._ZN15nRF5xGattServer5writeEttPKhtb
                0x000000000001dc2c       0xf0 ym/ble-nrf51822/source/ble-nrf51822.a(nRF5xGattServer.cpp.o)
                0x000000000001dc2c                nRF5xGattServer::write(unsigned short, unsigned short, unsigned char const*, unsigned short, bool)
 .text._ZN15nRF5xGattServer10addServiceER11GattService
                0x000000000001dd1c      0x1dc ym/ble-nrf51822/source/ble-nrf51822.a(nRF5xGattServer.cpp.o)
                0x000000000001dd1c                nRF5xGattServer::addService(GattService&)
 .text._ZN15nRF5xGattServer5resetEv
                0x000000000001def8       0x50 ym/ble-nrf51822/source/ble-nrf51822.a(nRF5xGattServer.cpp.o)
                0x000000000001def8                nRF5xGattServer::reset()
 .text._ZN8nRF5xGap25getPermittedTxPowerValuesEPPKaPj
                0x000000000001df48       0x10 ym/ble-nrf51822/source/ble-nrf51822.a(nRF5xGap.cpp.o)
                0x000000000001df48                nRF5xGap::getPermittedTxPowerValues(signed char const**, unsigned int*)
 .text._Z31radioNotificationStaticCallbackb
                0x000000000001df58       0x3c ym/ble-nrf51822/source/ble-nrf51822.a(nRF5xGap.cpp.o)
                0x000000000001df58                radioNotificationStaticCallback(bool)
 .text._ZN8nRF5xGap21initRadioNotificationEv
                0x000000000001df94       0x1c ym/ble-nrf51822/source/ble-nrf51822.a(nRF5xGap.cpp.o)
                0x000000000001df94                nRF5xGap::initRadioNotification()
 .text._ZN8nRF5xGap22generateStackWhitelistER19ble_gap_whitelist_t
                0x000000000001dfb0       0xe0 ym/ble-nrf51822/source/ble-nrf51822.a(nRF5xGap.cpp.o)
                0x000000000001dfb0                nRF5xGap::generateStackWhitelist(ble_gap_whitelist_t&)
 .text._ZN8nRF5xGap16startAdvertisingERK20GapAdvertisingParams
                0x000000000001e090       0xac ym/ble-nrf51822/source/ble-nrf51822.a(nRF5xGap.cpp.o)
                0x000000000001e090                nRF5xGap::startAdvertising(GapAdvertisingParams const&)
 .text._ZN8nRF5xGap7connectEPKhN11BLEProtocol11AddressType4TypeEPKN3Gap18ConnectionParams_tEPK17GapScanningParams
                0x000000000001e13c       0xec ym/ble-nrf51822/source/ble-nrf51822.a(nRF5xGap.cpp.o)
                0x000000000001e13c                nRF5xGap::connect(unsigned char const*, BLEProtocol::AddressType::Type, Gap::ConnectionParams_t const*, GapScanningParams const*)
 .text._ZL10dm_handlerPK13device_handlePK10dm_event_tm
                0x000000000001e228       0xa4 ym/ble-nrf51822/source/ble-nrf51822.a(btle_security.cpp.o)
 .text._Z27btle_hasInitializedSecurityv
                0x000000000001e2cc        0xc ym/ble-nrf51822/source/ble-nrf51822.a(btle_security.cpp.o)
                0x000000000001e2cc                btle_hasInitializedSecurity()
 .text._Z23btle_initializeSecuritybbN15SecurityManager24SecurityIOCapabilities_tEPKh
                0x000000000001e2d8       0xd8 ym/ble-nrf51822/source/ble-nrf51822.a(btle_security.cpp.o)
                0x000000000001e2d8                btle_initializeSecurity(bool, bool, SecurityManager::SecurityIOCapabilities_t, unsigned char const*)
 .text._Z25btle_purgeAllBondingStatev
                0x000000000001e3b0       0x24 ym/ble-nrf51822/source/ble-nrf51822.a(btle_security.cpp.o)
                0x000000000001e3b0                btle_purgeAllBondingState()
 .text._Z20btle_getLinkSecuritytPN15SecurityManager20LinkSecurityStatus_tE
                0x000000000001e3d4       0x48 ym/ble-nrf51822/source/ble-nrf51822.a(btle_security.cpp.o)
                0x000000000001e3d4                btle_getLinkSecurity(unsigned short, SecurityManager::LinkSecurityStatus_t*)
 .text._Z20btle_setLinkSecuritytN15SecurityManager14SecurityMode_tE
                0x000000000001e41c       0x4c ym/ble-nrf51822/source/ble-nrf51822.a(btle_security.cpp.o)
                0x000000000001e41c                btle_setLinkSecurity(unsigned short, SecurityManager::SecurityMode_t)
 .text._Z33btle_createWhitelistFromBondTableP19ble_gap_whitelist_t
                0x000000000001e468       0x30 ym/ble-nrf51822/source/ble-nrf51822.a(btle_security.cpp.o)
                0x000000000001e468                btle_createWhitelistFromBondTable(ble_gap_whitelist_t*)
 .text._Z13btle_gap_initv
                0x000000000001e498       0x54 ym/ble-nrf51822/source/ble-nrf51822.a(btle_gap.cpp.o)
                0x000000000001e498                btle_gap_init()
 .text.custom_convert_to_nordic_uuid
                0x000000000001e4ec       0xa0 ym/ble-nrf51822/source/ble-nrf51822.a(custom_helper.cpp.o)
                0x000000000001e4ec                custom_convert_to_nordic_uuid
 .text.custom_add_in_descriptor
                0x000000000001e58c       0x68 ym/ble-nrf51822/source/ble-nrf51822.a(custom_helper.cpp.o)
                0x000000000001e58c                custom_add_in_descriptor
 .text._ZN17GapScanningParamsC2Etttb
                0x000000000001e5f4       0x64 ym/ble/source/ble.a(GapScanningParams.cpp.o)
                0x000000000001e5f4                GapScanningParams::GapScanningParams(unsigned short, unsigned short, unsigned short, bool)
                0x000000000001e5f4                GapScanningParams::GapScanningParams(unsigned short, unsigned short, unsigned short, bool)
 .text.intern_softdevice_events_execute
                0x000000000001e658       0xac ym/nrf51-sdk/source/nrf51-sdk.a(softdevice_handler.c.o)
                0x000000000001e658                intern_softdevice_events_execute
 .text.softdevice_handler_init
                0x000000000001e704       0x48 ym/nrf51-sdk/source/nrf51-sdk.a(softdevice_handler.c.o)
                0x000000000001e704                softdevice_handler_init
 .text.softdevice_handler_sd_disable
                0x000000000001e74c       0x18 ym/nrf51-sdk/source/nrf51-sdk.a(softdevice_handler.c.o)
                0x000000000001e74c                softdevice_handler_sd_disable
 .text.softdevice_ble_evt_handler_set
                0x000000000001e764       0x14 ym/nrf51-sdk/source/nrf51-sdk.a(softdevice_handler.c.o)
                0x000000000001e764                softdevice_ble_evt_handler_set
 .text.softdevice_sys_evt_handler_set
                0x000000000001e778       0x14 ym/nrf51-sdk/source/nrf51-sdk.a(softdevice_handler.c.o)
                0x000000000001e778                softdevice_sys_evt_handler_set
 .text.SWI2_IRQHandler
                0x000000000001e78c       0x24 ym/nrf51-sdk/source/nrf51-sdk.a(softdevice_handler.c.o)
                0x000000000001e78c                SWI2_IRQHandler
 .text.SWI1_IRQHandler
                0x000000000001e7b0       0x20 ym/nrf51-sdk/source/nrf51-sdk.a(ble_radio_notification.c.o)
                0x000000000001e7b0                SWI1_IRQHandler
 .text.ble_radio_notification_init
                0x000000000001e7d0       0x38 ym/nrf51-sdk/source/nrf51-sdk.a(ble_radio_notification.c.o)
                0x000000000001e7d0                ble_radio_notification_init
 .text.gatts_context_store
                0x000000000001e808       0xb4 ym/nrf51-sdk/source/nrf51-sdk.a(device_manager_peripheral.c.o)
 .text.device_context_store
                0x000000000001e8bc       0xb0 ym/nrf51-sdk/source/nrf51-sdk.a(device_manager_peripheral.c.o)
 .text.gatts_context_apply
                0x000000000001e96c       0xc0 ym/nrf51-sdk/source/nrf51-sdk.a(device_manager_peripheral.c.o)
 .text.gatts_context_load
                0x000000000001ea2c       0x34 ym/nrf51-sdk/source/nrf51-sdk.a(device_manager_peripheral.c.o)
 .text.peer_instance_init
                0x000000000001ea60       0x48 ym/nrf51-sdk/source/nrf51-sdk.a(device_manager_peripheral.c.o)
 .text.device_instance_free
                0x000000000001eaa8       0x2c ym/nrf51-sdk/source/nrf51-sdk.a(device_manager_peripheral.c.o)
 .text.dm_pstorage_cb_handler
                0x000000000001ead4      0x124 ym/nrf51-sdk/source/nrf51-sdk.a(device_manager_peripheral.c.o)
 .text.dm_init  0x000000000001ebf8       0xd4 ym/nrf51-sdk/source/nrf51-sdk.a(device_manager_peripheral.c.o)
                0x000000000001ebf8                dm_init
 .text.dm_register
                0x000000000001eccc       0x74 ym/nrf51-sdk/source/nrf51-sdk.a(device_manager_peripheral.c.o)
                0x000000000001eccc                dm_register
 .text.dm_security_status_req
                0x000000000001ed40       0x70 ym/nrf51-sdk/source/nrf51-sdk.a(device_manager_peripheral.c.o)
                0x000000000001ed40                dm_security_status_req
 .text.dm_whitelist_create
                0x000000000001edb0       0xcc ym/nrf51-sdk/source/nrf51-sdk.a(device_manager_peripheral.c.o)
                0x000000000001edb0                dm_whitelist_create
 .text.dm_device_delete_all
                0x000000000001ee7c       0x58 ym/nrf51-sdk/source/nrf51-sdk.a(device_manager_peripheral.c.o)
                0x000000000001ee7c                dm_device_delete_all
 .text.dm_application_context_set
                0x000000000001eed4        0x8 ym/nrf51-sdk/source/nrf51-sdk.a(device_manager_peripheral.c.o)
                0x000000000001eed4                dm_application_context_set
 .text.dm_peer_addr_get
                0x000000000001eedc       0x84 ym/nrf51-sdk/source/nrf51-sdk.a(device_manager_peripheral.c.o)
                0x000000000001eedc                dm_peer_addr_get
 .text.dm_distributed_keys_get
                0x000000000001ef60       0xb0 ym/nrf51-sdk/source/nrf51-sdk.a(device_manager_peripheral.c.o)
                0x000000000001ef60                dm_distributed_keys_get
 .text.bond_data_load
                0x000000000001f010       0x48 ym/nrf51-sdk/source/nrf51-sdk.a(device_manager_peripheral.c.o)
                0x000000000001f010                bond_data_load
 .text.address_to_device_id
                0x000000000001f058       0x2c ym/nrf51-sdk/source/nrf51-sdk.a(device_manager_peripheral.c.o)
                0x000000000001f058                address_to_device_id
 .text.dm_ble_evt_handler
                0x000000000001f084      0x380 ym/nrf51-sdk/source/nrf51-sdk.a(device_manager_peripheral.c.o)
                0x000000000001f084                dm_ble_evt_handler
 .text.dm_handle_get
                0x000000000001f404       0x48 ym/nrf51-sdk/source/nrf51-sdk.a(device_manager_peripheral.c.o)
                0x000000000001f404                dm_handle_get
 .text.dfu_app_on_dfu_evt
                0x000000000001f44c      0x16c ym/nrf51-sdk/source/nrf51-sdk.a(dfu_app_handler.c.o)
                0x000000000001f44c                dfu_app_on_dfu_evt
 .text.pstorage_flash_page_end
                0x000000000001f5b8       0x20 ym/nrf51-sdk/source/nrf51-sdk.a(pstorage.c.o)
 .text.swap_sub_state_entry_action_run
                0x000000000001f5d8       0x18 ym/nrf51-sdk/source/nrf51-sdk.a(pstorage.c.o)
 .text.app_notify
                0x000000000001f5f0       0x2c ym/nrf51-sdk/source/nrf51-sdk.a(pstorage.c.o)
 .text.is_page_erase_required
                0x000000000001f61c       0x50 ym/nrf51-sdk/source/nrf51-sdk.a(pstorage.c.o)
 .text.swap_sub_state_err_busy_process
                0x000000000001f66c       0x18 ym/nrf51-sdk/source/nrf51-sdk.a(pstorage.c.o)
 .text.data_to_swap_write_state_run
                0x000000000001f684       0x30 ym/nrf51-sdk/source/nrf51-sdk.a(pstorage.c.o)
 .text.swap_erase_state_run
                0x000000000001f6b4       0x24 ym/nrf51-sdk/source/nrf51-sdk.a(pstorage.c.o)
 .text.flash_api_err_code_process
                0x000000000001f6d8       0x40 ym/nrf51-sdk/source/nrf51-sdk.a(pstorage.c.o)
 .text.store_cmd_flash_write_execute
                0x000000000001f718       0x54 ym/nrf51-sdk/source/nrf51-sdk.a(pstorage.c.o)
 .text.state_restore_head_entry_run
                0x000000000001f76c       0x34 ym/nrf51-sdk/source/nrf51-sdk.a(pstorage.c.o)
 .text.state_restore_tail_entry_run
                0x000000000001f7a0       0x48 ym/nrf51-sdk/source/nrf51-sdk.a(pstorage.c.o)
 .text.state_write_data_swap_entry_run
                0x000000000001f7e8       0x2c ym/nrf51-sdk/source/nrf51-sdk.a(pstorage.c.o)
 .text.state_data_erase_entry_run
                0x000000000001f814       0x14 ym/nrf51-sdk/source/nrf51-sdk.a(pstorage.c.o)
 .text.state_entry_action_run
                0x000000000001f828       0xd0 ym/nrf51-sdk/source/nrf51-sdk.a(pstorage.c.o)
 .text.clear_operation_execute
                0x000000000001f8f8      0x144 ym/nrf51-sdk/source/nrf51-sdk.a(pstorage.c.o)
 .text.cmd_process
                0x000000000001fa3c       0x44 ym/nrf51-sdk/source/nrf51-sdk.a(pstorage.c.o)
 .text.cmd_queue_enqueue
                0x000000000001fa80       0x54 ym/nrf51-sdk/source/nrf51-sdk.a(pstorage.c.o)
 .text.command_end_procedure_run
                0x000000000001fad4       0x54 ym/nrf51-sdk/source/nrf51-sdk.a(pstorage.c.o)
 .text.clear_post_processing_run
                0x000000000001fb28       0x2c ym/nrf51-sdk/source/nrf51-sdk.a(pstorage.c.o)
 .text.head_restore_state_run
                0x000000000001fb54       0x98 ym/nrf51-sdk/source/nrf51-sdk.a(pstorage.c.o)
 .text.tail_restore_state_run
                0x000000000001fbec       0x1c ym/nrf51-sdk/source/nrf51-sdk.a(pstorage.c.o)
 .text.data_page_erase_state_run
                0x000000000001fc08       0x74 ym/nrf51-sdk/source/nrf51-sdk.a(pstorage.c.o)
 .text.flash_operation_success_run
                0x000000000001fc7c       0x98 ym/nrf51-sdk/source/nrf51-sdk.a(pstorage.c.o)
 .text.pstorage_sys_event_handler
                0x000000000001fd14       0x68 ym/nrf51-sdk/source/nrf51-sdk.a(pstorage.c.o)
                0x000000000001fd14                pstorage_sys_event_handler
 .text.pstorage_init
                0x000000000001fd7c       0x80 ym/nrf51-sdk/source/nrf51-sdk.a(pstorage.c.o)
                0x000000000001fd7c                pstorage_init
 .text.pstorage_register
                0x000000000001fdfc       0xbc ym/nrf51-sdk/source/nrf51-sdk.a(pstorage.c.o)
                0x000000000001fdfc                pstorage_register
 .text.pstorage_block_identifier_get
                0x000000000001feb8       0x4c ym/nrf51-sdk/source/nrf51-sdk.a(pstorage.c.o)
                0x000000000001feb8                pstorage_block_identifier_get
 .text.pstorage_store
                0x000000000001ff04       0x78 ym/nrf51-sdk/source/nrf51-sdk.a(pstorage.c.o)
                0x000000000001ff04                pstorage_store
 .text.pstorage_update
                0x000000000001ff7c       0x78 ym/nrf51-sdk/source/nrf51-sdk.a(pstorage.c.o)
                0x000000000001ff7c                pstorage_update
 .text.pstorage_load
                0x000000000001fff4       0x98 ym/nrf51-sdk/source/nrf51-sdk.a(pstorage.c.o)
                0x000000000001fff4                pstorage_load
 .text.pstorage_clear
                0x000000000002008c       0x84 ym/nrf51-sdk/source/nrf51-sdk.a(pstorage.c.o)
                0x000000000002008c                pstorage_clear
 .text.ble_dfu_response_send
                0x0000000000020110       0x64 ym/nrf51-sdk/source/nrf51-sdk.a(ble_dfu.c.o)
                0x0000000000020110                ble_dfu_response_send
 .text.bootloader_util_app_start
                0x0000000000020174       0x3c ym/nrf51-sdk/source/nrf51-sdk.a(bootloader_util.c.o)
                0x0000000000020174                bootloader_util_app_start
 .text._ZN4mbed3I2CC2E7PinNameS1_
                0x00000000000201b0       0x30 ym/mbed-classic/existing/mbed-classic.a(I2C.cpp.o)
                0x00000000000201b0                mbed::I2C::I2C(PinName, PinName)
                0x00000000000201b0                mbed::I2C::I2C(PinName, PinName)
 .text._ZN4mbed3I2C6aquireEv
                0x00000000000201e0       0x1c ym/mbed-classic/existing/mbed-classic.a(I2C.cpp.o)
                0x00000000000201e0                mbed::I2C::aquire()
 .text._ZN4mbed11InterruptInD2Ev
                0x00000000000201fc       0x18 ym/mbed-classic/existing/mbed-classic.a(InterruptIn.cpp.o)
                0x00000000000201fc                mbed::InterruptIn::~InterruptIn()
                0x00000000000201fc                mbed::InterruptIn::~InterruptIn()
 .text._ZN4mbed11InterruptInC2E7PinName
                0x0000000000020214       0x48 ym/mbed-classic/existing/mbed-classic.a(InterruptIn.cpp.o)
                0x0000000000020214                mbed::InterruptIn::InterruptIn(PinName)
                0x0000000000020214                mbed::InterruptIn::InterruptIn(PinName)
 .text._ZN4mbed9RawSerialC2E7PinNameS1_
                0x000000000002025c       0x14 ym/mbed-classic/existing/mbed-classic.a(RawSerial.cpp.o)
                0x000000000002025c                mbed::RawSerial::RawSerial(PinName, PinName)
                0x000000000002025c                mbed::RawSerial::RawSerial(PinName, PinName)
 .text._ZN4mbed10SerialBaseC2E7PinNameS1_
                0x0000000000020270       0x3c ym/mbed-classic/existing/mbed-classic.a(SerialBase.cpp.o)
                0x0000000000020270                mbed::SerialBase::SerialBase(PinName, PinName)
                0x0000000000020270                mbed::SerialBase::SerialBase(PinName, PinName)
 .text._ZN4mbed7TimeoutD2Ev
                0x00000000000202ac       0x1c ym/mbed-classic/existing/mbed-classic.a(Timeout.cpp.o)
                0x00000000000202ac                mbed::Timeout::~Timeout()
                0x00000000000202ac                mbed::Timeout::~Timeout()
 .text._ZN4mbed10TimerEventC2Ev
                0x00000000000202c8       0x2c ym/mbed-classic/existing/mbed-classic.a(TimerEvent.cpp.o)
                0x00000000000202c8                mbed::TimerEvent::TimerEvent()
                0x00000000000202c8                mbed::TimerEvent::TimerEvent()
 .text._ZN4mbed10TimerEventD2Ev
                0x00000000000202f4       0x18 ym/mbed-classic/existing/mbed-classic.a(TimerEvent.cpp.o)
                0x00000000000202f4                mbed::TimerEvent::~TimerEvent()
                0x00000000000202f4                mbed::TimerEvent::~TimerEvent()
 .text.get_us_ticker_data
                0x000000000002030c        0x8 ym/mbed-classic/existing/mbed-classic.a(us_ticker_api.c.o)
                0x000000000002030c                get_us_ticker_data
 .text.us_ticker_irq_handler
                0x0000000000020314       0x10 ym/mbed-classic/existing/mbed-classic.a(us_ticker_api.c.o)
                0x0000000000020314                us_ticker_irq_handler
 .text          0x0000000000020324       0x48 ym/mbed-classic/existing/mbed-classic.a(startup_NRF51822.S.obj)
                0x0000000000020324                Reset_Handler
                0x0000000000020360                NMI_Handler
                0x0000000000020362                HardFault_Handler
                0x0000000000020364                SVC_Handler
                0x0000000000020366                PendSV_Handler
                0x0000000000020368                SysTick_Handler
                0x000000000002036a                SPI0_TWI0_IRQHandler
                0x000000000002036a                RTC0_IRQHandler
                0x000000000002036a                POWER_CLOCK_IRQHandler
                0x000000000002036a                LPCOMP_IRQHandler
                0x000000000002036a                SWI4_IRQHandler
                0x000000000002036a                TEMP_IRQHandler
                0x000000000002036a                QDEC_IRQHandler
                0x000000000002036a                SWI5_IRQHandler
                0x000000000002036a                TIMER0_IRQHandler
                0x000000000002036a                SWI0_IRQHandler
                0x000000000002036a                ECB_IRQHandler
                0x000000000002036a                Default_Handler
                0x000000000002036a                ADC_IRQHandler
                0x000000000002036a                SWI3_IRQHandler
                0x000000000002036a                CCM_AAR_IRQHandler
                0x000000000002036a                WDT_IRQHandler
                0x000000000002036a                RNG_IRQHandler
                0x000000000002036a                SPI1_TWI1_IRQHandler
                0x000000000002036a                RTC1_IRQHandler
 .text.analogin_init
                0x000000000002036c       0x4c ym/mbed-classic/existing/mbed-classic.a(analogin_api.c.o)
                0x000000000002036c                analogin_init
 .text.analogin_read_u16
                0x00000000000203b8       0x3c ym/mbed-classic/existing/mbed-classic.a(analogin_api.c.o)
                0x00000000000203b8                analogin_read_u16
 .text.gpio_init
                0x00000000000203f4       0x30 ym/mbed-classic/existing/mbed-classic.a(gpio_api.c.o)
                0x00000000000203f4                gpio_init
 .text.GPIOTE_IRQHandler
                0x0000000000020424       0xf4 ym/mbed-classic/existing/mbed-classic.a(gpio_irq_api.c.o)
                0x0000000000020424                GPIOTE_IRQHandler
 .text.gpio_irq_init
                0x0000000000020518       0x60 ym/mbed-classic/existing/mbed-classic.a(gpio_irq_api.c.o)
                0x0000000000020518                gpio_irq_init
 .text.gpio_irq_free
                0x0000000000020578       0x10 ym/mbed-classic/existing/mbed-classic.a(gpio_irq_api.c.o)
                0x0000000000020578                gpio_irq_free
 .text.gpio_irq_set
                0x0000000000020588       0x9c ym/mbed-classic/existing/mbed-classic.a(gpio_irq_api.c.o)
                0x0000000000020588                gpio_irq_set
 .text.i2c_do_write
                0x0000000000020624       0x28 ym/mbed-classic/existing/mbed-classic.a(i2c_api.c.o)
                0x0000000000020624                i2c_do_write
 .text.i2c_do_read
                0x000000000002064c       0x3c ym/mbed-classic/existing/mbed-classic.a(i2c_api.c.o)
                0x000000000002064c                i2c_do_read
 .text.i2c_frequency
                0x0000000000020688       0x48 ym/mbed-classic/existing/mbed-classic.a(i2c_api.c.o)
                0x0000000000020688                i2c_frequency
 .text.twi_master_init
                0x00000000000206d0       0x44 ym/mbed-classic/existing/mbed-classic.a(i2c_api.c.o)
                0x00000000000206d0                twi_master_init
 .text.i2c_init
                0x0000000000020714       0xc4 ym/mbed-classic/existing/mbed-classic.a(i2c_api.c.o)
                0x0000000000020714                i2c_init
 .text.i2c_reset
                0x00000000000207d8       0x30 ym/mbed-classic/existing/mbed-classic.a(i2c_api.c.o)
                0x00000000000207d8                i2c_reset
 .text.i2c_stop
                0x0000000000020808       0x34 ym/mbed-classic/existing/mbed-classic.a(i2c_api.c.o)
                0x0000000000020808                i2c_stop
 .text.checkError
                0x000000000002083c       0x28 ym/mbed-classic/existing/mbed-classic.a(i2c_api.c.o)
                0x000000000002083c                checkError
 .text.port_init
                0x0000000000020864       0x28 ym/mbed-classic/existing/mbed-classic.a(port_api.c.o)
                0x0000000000020864                port_init
 .text.pwm_disconnect
                0x000000000002088c       0x60 ym/mbed-classic/existing/mbed-classic.a(pwmout_api.c.o)
 .text.TIMER2_IRQHandler
                0x00000000000208ec       0x68 ym/mbed-classic/existing/mbed-classic.a(pwmout_api.c.o)
                0x00000000000208ec                TIMER2_IRQHandler
 .text.serial_baud.part.0
                0x0000000000020954       0x38 ym/mbed-classic/existing/mbed-classic.a(serial_api.c.o)
 .text.serial_init
                0x000000000002098c       0xb8 ym/mbed-classic/existing/mbed-classic.a(serial_api.c.o)
                0x000000000002098c                serial_init
 .text.serial_baud
                0x0000000000020a44       0x20 ym/mbed-classic/existing/mbed-classic.a(serial_api.c.o)
                0x0000000000020a44                serial_baud
 .text.UART0_IRQHandler
                0x0000000000020a64       0x4c ym/mbed-classic/existing/mbed-classic.a(serial_api.c.o)
                0x0000000000020a64                UART0_IRQHandler
 .text.serial_irq_handler
                0x0000000000020ab0       0x18 ym/mbed-classic/existing/mbed-classic.a(serial_api.c.o)
                0x0000000000020ab0                serial_irq_handler
 .text.serial_irq_set
                0x0000000000020ac8       0x8c ym/mbed-classic/existing/mbed-classic.a(serial_api.c.o)
                0x0000000000020ac8                serial_irq_set
 .text.serial_putc
                0x0000000000020b54       0x1c ym/mbed-classic/existing/mbed-classic.a(serial_api.c.o)
                0x0000000000020b54                serial_putc
 .text.twi_master_clear_bus
                0x0000000000020b70       0xb4 ym/mbed-classic/existing/mbed-classic.a(twi_master.c.o)
 .text.twi_master_init_and_clear
                0x0000000000020c24       0x74 ym/mbed-classic/existing/mbed-classic.a(twi_master.c.o)
                0x0000000000020c24                twi_master_init_and_clear
 .text.tmr1_getCounter64
                0x0000000000020c98       0x50 ym/mbed-classic/existing/mbed-classic.a(us_ticker.c.o)
 .text.TIMER1_IRQHandler
                0x0000000000020ce8       0x50 ym/mbed-classic/existing/mbed-classic.a(us_ticker.c.o)
                0x0000000000020ce8                TIMER1_IRQHandler
 .text.us_ticker_init
                0x0000000000020d38       0x8c ym/mbed-classic/existing/mbed-classic.a(us_ticker.c.o)
                0x0000000000020d38                us_ticker_init
 .text.us_ticker_read
                0x0000000000020dc4       0x18 ym/mbed-classic/existing/mbed-classic.a(us_ticker.c.o)
                0x0000000000020dc4                us_ticker_read
 .text.us_ticker_set_interrupt
                0x0000000000020ddc       0x54 ym/mbed-classic/existing/mbed-classic.a(us_ticker.c.o)
                0x0000000000020ddc                us_ticker_set_interrupt
 .text.pinmap_peripheral
                0x0000000000020e30       0x20 ym/mbed-classic/existing/mbed-classic.a(pinmap_common.c.o)
                0x0000000000020e30                pinmap_peripheral
 .text.SystemInit
                0x0000000000020e50       0xac ym/mbed-classic/existing/mbed-classic.a(system_nrf51.c.o)
                0x0000000000020e50                SystemInit
 .text._ZSt15get_new_handlerv
                0x0000000000020efc        0xc /usr/bin/../lib/gcc/arm-none-eabi/7.3.1/../../../../arm-none-eabi/lib/thumb/v6-m/libstdc++_nano.a(new_handler.o)
                0x0000000000020efc                std::get_new_handler()
 .text          0x0000000000020f08       0x14 /usr/bin/../lib/gcc/arm-none-eabi/7.3.1/thumb/v6-m/libgcc.a(_thumb1_case_uqi.o)
                0x0000000000020f08                __gnu_thumb1_case_uqi
 .text          0x0000000000020f1c      0x114 /usr/bin/../lib/gcc/arm-none-eabi/7.3.1/thumb/v6-m/libgcc.a(_udivsi3.o)
                0x0000000000020f1c                __udivsi3
                0x0000000000020f1c                __aeabi_uidiv
                0x0000000000021028                __aeabi_uidivmod
 .text          0x0000000000021030      0x1d4 /usr/bin/../lib/gcc/arm-none-eabi/7.3.1/thumb/v6-m/libgcc.a(_divsi3.o)
                0x0000000000021030                __aeabi_idiv
                0x0000000000021030                __divsi3
                0x00000000000211fc                __aeabi_idivmod
 .text          0x0000000000021204        0x4 /usr/bin/../lib/gcc/arm-none-eabi/7.3.1/thumb/v6-m/libgcc.a(_dvmd_tls.o)
                0x0000000000021204                __aeabi_ldiv0
                0x0000000000021204                __aeabi_idiv0
 .text          0x0000000000021208       0x74 /usr/bin/../lib/gcc/arm-none-eabi/7.3.1/thumb/v6-m/libgcc.a(_arm_cmpsf2.o)
                0x0000000000021208                __aeabi_cfrcmple
                0x0000000000021210                __aeabi_cfcmple
                0x0000000000021210                __aeabi_cfcmpeq
                0x0000000000021220                __aeabi_fcmpeq
                0x000000000002122c                __aeabi_fcmplt
                0x0000000000021240                __aeabi_fcmple
                0x0000000000021254                __aeabi_fcmpgt
                0x0000000000021268                __aeabi_fcmpge
 .text          0x000000000002127c       0x40 /usr/bin/../lib/gcc/arm-none-eabi/7.3.1/thumb/v6-m/libgcc.a(_aeabi_uldivmod.o)
                0x000000000002127c                __aeabi_uldivmod
 .text          0x00000000000212bc      0x184 /usr/bin/../lib/gcc/arm-none-eabi/7.3.1/thumb/v6-m/libgcc.a(_udivmoddi4.o)
                0x00000000000212bc                __udivmoddi4
 .text          0x0000000000021440      0x334 /usr/bin/../lib/gcc/arm-none-eabi/7.3.1/thumb/v6-m/libgcc.a(addsf3.o)
                0x0000000000021440                __aeabi_fadd
 .text          0x0000000000021774      0x224 /usr/bin/../lib/gcc/arm-none-eabi/7.3.1/thumb/v6-m/libgcc.a(divsf3.o)
                0x0000000000021774                __aeabi_fdiv
 .text          0x0000000000021998       0x50 /usr/bin/../lib/gcc/arm-none-eabi/7.3.1/thumb/v6-m/libgcc.a(eqsf2.o)
                0x0000000000021998                __nesf2
                0x0000000000021998                __eqsf2
 .text          0x00000000000219e8       0x9c /usr/bin/../lib/gcc/arm-none-eabi/7.3.1/thumb/v6-m/libgcc.a(gesf2.o)
                0x00000000000219e8                __gtsf2
                0x00000000000219e8                __gesf2
 .text          0x0000000000021a84       0xa0 /usr/bin/../lib/gcc/arm-none-eabi/7.3.1/thumb/v6-m/libgcc.a(lesf2.o)
                0x0000000000021a84                __lesf2
                0x0000000000021a84                __ltsf2
 .text          0x0000000000021b24      0x264 /usr/bin/../lib/gcc/arm-none-eabi/7.3.1/thumb/v6-m/libgcc.a(mulsf3.o)
                0x0000000000021b24                __aeabi_fmul
 .text          0x0000000000021d88      0x388 /usr/bin/../lib/gcc/arm-none-eabi/7.3.1/thumb/v6-m/libgcc.a(subsf3.o)
                0x0000000000021d88                __aeabi_fsub
 .text          0x0000000000022110       0x40 /usr/bin/../lib/gcc/arm-none-eabi/7.3.1/thumb/v6-m/libgcc.a(fixsfsi.o)
                0x0000000000022110                __aeabi_f2iz
 .text          0x0000000000022150       0x94 /usr/bin/../lib/gcc/arm-none-eabi/7.3.1/thumb/v6-m/libgcc.a(floatsisf.o)
                0x0000000000022150                __aeabi_i2f
 .text          0x00000000000221e4      0x604 /usr/bin/../lib/gcc/arm-none-eabi/7.3.1/thumb/v6-m/libgcc.a(divdf3.o)
                0x00000000000221e4                __aeabi_ddiv
 .text          0x00000000000227e8       0xa4 /usr/bin/../lib/gcc/arm-none-eabi/7.3.1/thumb/v6-m/libgcc.a(extendsfdf2.o)
                0x00000000000227e8                __aeabi_f2d
 .text          0x000000000002288c      0x108 /usr/bin/../lib/gcc/arm-none-eabi/7.3.1/thumb/v6-m/libgcc.a(truncdfsf2.o)
                0x000000000002288c                __aeabi_d2f
 .text          0x0000000000022994       0x3c /usr/bin/../lib/gcc/arm-none-eabi/7.3.1/thumb/v6-m/libgcc.a(_clzsi2.o)
                0x0000000000022994                __clzsi2
 .text          0x00000000000229d0       0x18 /usr/bin/../lib/gcc/arm-none-eabi/7.3.1/thumb/v6-m/libgcc.a(_clzdi2.o)
                0x00000000000229d0                __clzdi2